Component: Arm Compiler for Embedded 6.24 Tool: armlink [5f371500]

==============================================================================

Section Cross References

    startup_stm32l073xx.o(STACK) refers (Special) to heapauxi.o(.text) for __use_two_region_memory
    startup_stm32l073xx.o(HEAP) refers (Special) to heapauxi.o(.text) for __use_two_region_memory
    startup_stm32l073xx.o(RESET) refers (Special) to heapauxi.o(.text) for __use_two_region_memory
    startup_stm32l073xx.o(RESET) refers to startup_stm32l073xx.o(STACK) for __initial_sp
    startup_stm32l073xx.o(RESET) refers to startup_stm32l073xx.o(.text) for Reset_Handler
    startup_stm32l073xx.o(RESET) refers to stm32l0xx_it.o(.text.NMI_Handler) for NMI_Handler
    startup_stm32l073xx.o(RESET) refers to stm32l0xx_it.o(.text.HardFault_Handler) for HardFault_Handler
    startup_stm32l073xx.o(RESET) refers to stm32l0xx_it.o(.text.SVC_Handler) for SVC_Handler
    startup_stm32l073xx.o(RESET) refers to stm32l0xx_it.o(.text.PendSV_Handler) for PendSV_Handler
    startup_stm32l073xx.o(RESET) refers to stm32l0xx_it.o(.text.SysTick_Handler) for SysTick_Handler
    startup_stm32l073xx.o(.text) refers (Special) to heapauxi.o(.text) for __use_two_region_memory
    startup_stm32l073xx.o(.text) refers to system_stm32l0xx.o(.text.SystemInit) for SystemInit
    startup_stm32l073xx.o(.text) refers to __main.o(!!!main) for __main
    startup_stm32l073xx.o(.text) refers to startup_stm32l073xx.o(HEAP) for Heap_Mem
    startup_stm32l073xx.o(.text) refers to startup_stm32l073xx.o(STACK) for Stack_Mem
    lcd.o(.text) refers (Special) to _printf_percent.o(.ARM.Collect$$_printf_percent$$00000000) for _printf_percent
    lcd.o(.text) refers (Special) to _printf_d.o(.ARM.Collect$$_printf_percent$$00000009) for _printf_d
    lcd.o(.text) refers (Special) to _printf_dec.o(.text) for _printf_int_dec
    lcd.o(.text.Lcd_create) refers (Special) to _printf_percent.o(.ARM.Collect$$_printf_percent$$00000000) for _printf_percent
    lcd.o(.text.Lcd_create) refers (Special) to _printf_d.o(.ARM.Collect$$_printf_percent$$00000009) for _printf_d
    lcd.o(.text.Lcd_create) refers (Special) to _printf_dec.o(.text) for _printf_int_dec
    lcd.o(.text.Lcd_create) refers to lcd.o(.text.lcd_write_command) for lcd_write_command
    lcd.o(.ARM.exidx.text.Lcd_create) refers (Special) to _printf_percent.o(.ARM.Collect$$_printf_percent$$00000000) for _printf_percent
    lcd.o(.ARM.exidx.text.Lcd_create) refers (Special) to _printf_d.o(.ARM.Collect$$_printf_percent$$00000009) for _printf_d
    lcd.o(.ARM.exidx.text.Lcd_create) refers (Special) to _printf_dec.o(.text) for _printf_int_dec
    lcd.o(.ARM.exidx.text.Lcd_create) refers to lcd.o(.text.Lcd_create) for [Anonymous Symbol]
    lcd.o(.text.Lcd_init) refers (Special) to _printf_percent.o(.ARM.Collect$$_printf_percent$$00000000) for _printf_percent
    lcd.o(.text.Lcd_init) refers (Special) to _printf_d.o(.ARM.Collect$$_printf_percent$$00000009) for _printf_d
    lcd.o(.text.Lcd_init) refers (Special) to _printf_dec.o(.text) for _printf_int_dec
    lcd.o(.text.Lcd_init) refers to lcd.o(.text.lcd_write_command) for lcd_write_command
    lcd.o(.ARM.exidx.text.Lcd_init) refers (Special) to _printf_percent.o(.ARM.Collect$$_printf_percent$$00000000) for _printf_percent
    lcd.o(.ARM.exidx.text.Lcd_init) refers (Special) to _printf_d.o(.ARM.Collect$$_printf_percent$$00000009) for _printf_d
    lcd.o(.ARM.exidx.text.Lcd_init) refers (Special) to _printf_dec.o(.text) for _printf_int_dec
    lcd.o(.ARM.exidx.text.Lcd_init) refers to lcd.o(.text.Lcd_init) for [Anonymous Symbol]
    lcd.o(.text.lcd_write_command) refers (Special) to _printf_percent.o(.ARM.Collect$$_printf_percent$$00000000) for _printf_percent
    lcd.o(.text.lcd_write_command) refers (Special) to _printf_d.o(.ARM.Collect$$_printf_percent$$00000009) for _printf_d
    lcd.o(.text.lcd_write_command) refers (Special) to _printf_dec.o(.text) for _printf_int_dec
    lcd.o(.text.lcd_write_command) refers to stm32l0xx_hal_gpio.o(.text.HAL_GPIO_WritePin) for HAL_GPIO_WritePin
    lcd.o(.text.lcd_write_command) refers to stm32l0xx_hal.o(.text.HAL_Delay) for HAL_Delay
    lcd.o(.ARM.exidx.text.lcd_write_command) refers (Special) to _printf_percent.o(.ARM.Collect$$_printf_percent$$00000000) for _printf_percent
    lcd.o(.ARM.exidx.text.lcd_write_command) refers (Special) to _printf_d.o(.ARM.Collect$$_printf_percent$$00000009) for _printf_d
    lcd.o(.ARM.exidx.text.lcd_write_command) refers (Special) to _printf_dec.o(.text) for _printf_int_dec
    lcd.o(.ARM.exidx.text.lcd_write_command) refers to lcd.o(.text.lcd_write_command) for [Anonymous Symbol]
    lcd.o(.text.Lcd_int) refers (Special) to _printf_percent.o(.ARM.Collect$$_printf_percent$$00000000) for _printf_percent
    lcd.o(.text.Lcd_int) refers (Special) to _printf_d.o(.ARM.Collect$$_printf_percent$$00000009) for _printf_d
[...]
    Removing stm32l0xx_hal_uart.o(.ARM.exidx.text.HAL_UART_AbortTransmit_IT), (8 bytes).
    Removing stm32l0xx_hal_uart.o(.text.UART_DMATxOnlyAbortCallback), (20 bytes).
    Removing stm32l0xx_hal_uart.o(.ARM.exidx.text.UART_DMATxOnlyAbortCallback), (8 bytes).
    Removing stm32l0xx_hal_uart.o(.text.HAL_UART_AbortTransmitCpltCallback), (2 bytes).
    Removing stm32l0xx_hal_uart.o(.ARM.exidx.text.HAL_UART_AbortTransmitCpltCallback), (8 bytes).
    Removing stm32l0xx_hal_uart.o(.text.HAL_UART_AbortReceive_IT), (196 bytes).
    Removing stm32l0xx_hal_uart.o(.ARM.exidx.text.HAL_UART_AbortReceive_IT), (8 bytes).
    Removing stm32l0xx_hal_uart.o(.text.UART_DMARxOnlyAbortCallback), (38 bytes).
    Removing stm32l0xx_hal_uart.o(.ARM.exidx.text.UART_DMARxOnlyAbortCallback), (8 bytes).
    Removing stm32l0xx_hal_uart.o(.text.HAL_UART_AbortReceiveCpltCallback), (2 bytes).
    Removing stm32l0xx_hal_uart.o(.ARM.exidx.text.HAL_UART_AbortReceiveCpltCallback), (8 bytes).
    Removing stm32l0xx_hal_uart.o(.text.HAL_UART_IRQHandler), (1008 bytes).
    Removing stm32l0xx_hal_uart.o(.ARM.exidx.text.HAL_UART_IRQHandler), (8 bytes).
    Removing stm32l0xx_hal_uart.o(.text.UART_DMAAbortOnError), (16 bytes).
    Removing stm32l0xx_hal_uart.o(.ARM.exidx.text.UART_DMAAbortOnError), (8 bytes).
    Removing stm32l0xx_hal_uart.o(.text.HAL_UART_ErrorCallback), (2 bytes).
    Removing stm32l0xx_hal_uart.o(.ARM.exidx.text.HAL_UART_ErrorCallback), (8 bytes).
    Removing stm32l0xx_hal_uart.o(.text.HAL_UARTEx_RxEventCallback), (2 bytes).
    Removing stm32l0xx_hal_uart.o(.ARM.exidx.text.HAL_UARTEx_RxEventCallback), (8 bytes).
    Removing stm32l0xx_hal_uart.o(.text.HAL_UART_TxCpltCallback), (2 bytes).
    Removing stm32l0xx_hal_uart.o(.ARM.exidx.text.HAL_UART_TxCpltCallback), (8 bytes).
    Removing stm32l0xx_hal_uart.o(.text.HAL_UART_TxHalfCpltCallback), (2 bytes).
    Removing stm32l0xx_hal_uart.o(.ARM.exidx.text.HAL_UART_TxHalfCpltCallback), (8 bytes).
    Removing stm32l0xx_hal_uart.o(.text.HAL_UART_RxCpltCallback), (2 bytes).
    Removing stm32l0xx_hal_uart.o(.ARM.exidx.text.HAL_UART_RxCpltCallback), (8 bytes).
    Removing stm32l0xx_hal_uart.o(.text.HAL_UART_RxHalfCpltCallback), (2 bytes).
    Removing stm32l0xx_hal_uart.o(.ARM.exidx.text.HAL_UART_RxHalfCpltCallback), (8 bytes).
    Removing stm32l0xx_hal_uart.o(.text.HAL_UART_ReceiverTimeout_Config), (28 bytes).
    Removing stm32l0xx_hal_uart.o(.ARM.exidx.text.HAL_UART_ReceiverTimeout_Config), (8 bytes).
    Removing stm32l0xx_hal_uart.o(.text.HAL_UART_EnableReceiverTimeout), (64 bytes).
    Removing stm32l0xx_hal_uart.o(.ARM.exidx.text.HAL_UART_EnableReceiverTimeout), (8 bytes).
    Removing stm32l0xx_hal_uart.o(.text.HAL_UART_DisableReceiverTimeout), (64 bytes).
    Removing stm32l0xx_hal_uart.o(.ARM.exidx.text.HAL_UART_DisableReceiverTimeout), (8 bytes).
    Removing stm32l0xx_hal_uart.o(.text.HAL_MultiProcessor_EnableMuteMode), (58 bytes).
    Removing stm32l0xx_hal_uart.o(.ARM.exidx.text.HAL_MultiProcessor_EnableMuteMode), (8 bytes).
    Removing stm32l0xx_hal_uart.o(.text.HAL_MultiProcessor_DisableMuteMode), (58 bytes).
    Removing stm32l0xx_hal_uart.o(.ARM.exidx.text.HAL_MultiProcessor_DisableMuteMode), (8 bytes).
    Removing stm32l0xx_hal_uart.o(.text.HAL_MultiProcessor_EnterMuteMode), (12 bytes).
    Removing stm32l0xx_hal_uart.o(.ARM.exidx.text.HAL_MultiProcessor_EnterMuteMode), (8 bytes).
    Removing stm32l0xx_hal_uart.o(.text.HAL_HalfDuplex_EnableTransmitter), (82 bytes).
    Removing stm32l0xx_hal_uart.o(.ARM.exidx.text.HAL_HalfDuplex_EnableTransmitter), (8 bytes).
    Removing stm32l0xx_hal_uart.o(.text.HAL_HalfDuplex_EnableReceiver), (82 bytes).
    Removing stm32l0xx_hal_uart.o(.ARM.exidx.text.HAL_HalfDuplex_EnableReceiver), (8 bytes).
    Removing stm32l0xx_hal_uart.o(.text.HAL_LIN_SendBreak), (44 bytes).
    Removing stm32l0xx_hal_uart.o(.ARM.exidx.text.HAL_LIN_SendBreak), (8 bytes).
    Removing stm32l0xx_hal_uart.o(.text.HAL_UART_GetState), (10 bytes).
    Removing stm32l0xx_hal_uart.o(.ARM.exidx.text.HAL_UART_GetState), (8 bytes).
    Removing stm32l0xx_hal_uart.o(.text.HAL_UART_GetError), (6 bytes).
    Removing stm32l0xx_hal_uart.o(.ARM.exidx.text.HAL_UART_GetError), (8 bytes).
    Removing stm32l0xx_hal_uart.o(.text.UART_RxISR_16BIT), (220 bytes).
    Removing stm32l0xx_hal_uart.o(.ARM.exidx.text.UART_RxISR_16BIT), (8 bytes).
    Removing stm32l0xx_hal_uart.o(.text.UART_RxISR_8BIT), (220 bytes).
    Removing stm32l0xx_hal_uart.o(.ARM.exidx.text.UART_RxISR_8BIT), (8 bytes).
    Removing stm32l0xx_hal_uart.o(.text.UART_DMAReceiveCplt), (182 bytes).
    Removing stm32l0xx_hal_uart.o(.ARM.exidx.text.UART_DMAReceiveCplt), (8 bytes).
    Removing stm32l0xx_hal_uart.o(.text.UART_DMARxHalfCplt), (56 bytes).
    Removing stm32l0xx_hal_uart.o(.ARM.exidx.text.UART_DMARxHalfCplt), (8 bytes).
    Removing stm32l0xx_hal_uart_ex.o(.text), (0 bytes).
    Removing stm32l0xx_hal_uart_ex.o(.text.HAL_RS485Ex_Init), (144 bytes).
    Removing stm32l0xx_hal_uart_ex.o(.ARM.exidx.text.HAL_RS485Ex_Init), (8 bytes).
    Removing stm32l0xx_hal_uart_ex.o(.text.HAL_UARTEx_WakeupCallback), (2 bytes).
    Removing stm32l0xx_hal_uart_ex.o(.ARM.exidx.text.HAL_UARTEx_WakeupCallback), (8 bytes).
    Removing stm32l0xx_hal_uart_ex.o(.text.HAL_UARTEx_EnableClockStopMode), (50 bytes).
    Removing stm32l0xx_hal_uart_ex.o(.ARM.exidx.text.HAL_UARTEx_EnableClockStopMode), (8 bytes).
    Removing stm32l0xx_hal_uart_ex.o(.text.HAL_UARTEx_DisableClockStopMode), (50 bytes).
    Removing stm32l0xx_hal_uart_ex.o(.ARM.exidx.text.HAL_UARTEx_DisableClockStopMode), (8 bytes).
    Removing stm32l0xx_hal_uart_ex.o(.text.HAL_MultiProcessorEx_AddressLength_Set), (46 bytes).
    Removing stm32l0xx_hal_uart_ex.o(.ARM.exidx.text.HAL_MultiProcessorEx_AddressLength_Set), (8 bytes).
    Removing stm32l0xx_hal_uart_ex.o(.text.HAL_UARTEx_StopModeWakeUpSourceConfig), (140 bytes).
    Removing stm32l0xx_hal_uart_ex.o(.ARM.exidx.text.HAL_UARTEx_StopModeWakeUpSourceConfig), (8 bytes).
    Removing stm32l0xx_hal_uart_ex.o(.text.HAL_UARTEx_EnableStopMode), (50 bytes).
    Removing stm32l0xx_hal_uart_ex.o(.ARM.exidx.text.HAL_UARTEx_EnableStopMode), (8 bytes).
    Removing stm32l0xx_hal_uart_ex.o(.text.HAL_UARTEx_DisableStopMode), (50 bytes).
    Removing stm32l0xx_hal_uart_ex.o(.ARM.exidx.text.HAL_UARTEx_DisableStopMode), (8 bytes).
    Removing stm32l0xx_hal_uart_ex.o(.text.HAL_UARTEx_ReceiveToIdle), (480 bytes).
    Removing stm32l0xx_hal_uart_ex.o(.ARM.exidx.text.HAL_UARTEx_ReceiveToIdle), (8 bytes).
    Removing stm32l0xx_hal_uart_ex.o(.text.HAL_UARTEx_ReceiveToIdle_IT), (104 bytes).
    Removing stm32l0xx_hal_uart_ex.o(.ARM.exidx.text.HAL_UARTEx_ReceiveToIdle_IT), (8 bytes).
    Removing stm32l0xx_hal_uart_ex.o(.text.HAL_UARTEx_ReceiveToIdle_DMA), (112 bytes).
    Removing stm32l0xx_hal_uart_ex.o(.ARM.exidx.text.HAL_UARTEx_ReceiveToIdle_DMA), (8 bytes).
    Removing stm32l0xx_hal_uart_ex.o(.text.HAL_UARTEx_GetRxEventType), (4 bytes).
    Removing stm32l0xx_hal_uart_ex.o(.ARM.exidx.text.HAL_UARTEx_GetRxEventType), (8 bytes).
    Removing system_stm32l0xx.o(.text), (0 bytes).
    Removing system_stm32l0xx.o(.ARM.exidx.text.SystemInit), (8 bytes).
    Removing system_stm32l0xx.o(.text.SystemCoreClockUpdate), (156 bytes).
    Removing system_stm32l0xx.o(.ARM.exidx.text.SystemCoreClockUpdate), (8 bytes).

587 unused section(s) (total 22506 bytes) removed from the image.

==============================================================================

Image Symbol Table

    Local Symbols

    Symbol Name                              Value     Ov Type        Size  Object(Section)

    ../clib/angel/boardlib.s                 0x00000000   Number         0  boardinit1.o ABSOLUTE
    ../clib/angel/boardlib.s                 0x00000000   Number         0  boardinit2.o ABSOLUTE
    ../clib/angel/boardlib.s                 0x00000000   Number         0  boardinit3.o ABSOLUTE
    ../clib/angel/boardlib.s                 0x00000000   Number         0  boardshut.o ABSOLUTE
    ../clib/angel/handlers.s                 0x00000000   Number         0  __scatter_copy.o ABSOLUTE
    ../clib/angel/handlers.s                 0x00000000   Number         0  __scatter_zi.o ABSOLUTE
    ../clib/angel/kernel.s                   0x00000000   Number         0  __rtentry.o ABSOLUTE
    ../clib/angel/kernel.s                   0x00000000   Number         0  __rtentry2.o ABSOLUTE
    ../clib/angel/kernel.s                   0x00000000   Number         0  __rtentry4.o ABSOLUTE
    ../clib/angel/kernel.s                   0x00000000   Number         0  rtexit.o ABSOLUTE
    ../clib/angel/kernel.s                   0x00000000   Number         0  rtexit2.o ABSOLUTE
    ../clib/angel/rt.s                       0x00000000   Number         0  aeabi_idiv0.o ABSOLUTE
    ../clib/angel/rt.s                       0x00000000   Number         0  aeabi_idiv0_sigfpe.o ABSOLUTE
    ../clib/angel/rt.s                       0x00000000   Number         0  aeabi_ldiv0.o ABSOLUTE
    ../clib/angel/rt.s                       0x00000000   Number         0  aeabi_ldiv0_sigfpe.o ABSOLUTE
    ../clib/angel/rt.s                       0x00000000   Number         0  rt_div0.o ABSOLUTE
    ../clib/angel/rt.s                       0x00000000   Number         0  rt_raise.o ABSOLUTE
    ../clib/angel/scatterp.s                 0x00000000   Number         0  __scatter.o ABSOLUTE
    ../clib/angel/startup.s                  0x00000000   Number         0  __main.o ABSOLUTE
    ../clib/angel/sys.s                      0x00000000   Number         0  sys_stackheap_outer.o ABSOLUTE
    ../clib/angel/sys.s                      0x00000000   Number         0  libspace.o ABSOLUTE
    ../clib/angel/sys.s                      0x00000000   Number         0  tempstk.o ABSOLUTE
    ../clib/angel/sys.s                      0x00000000   Number         0  use_no_semi.o ABSOLUTE
    ../clib/angel/sys.s                      0x00000000   Number         0  indicate_semi.o ABSOLUTE
    ../clib/angel/sysapp.c                   0x00000000   Number         0  sys_exit.o ABSOLUTE
    ../clib/angel/sysapp.c                   0x00000000   Number         0  sys_exit_hlt.o ABSOLUTE
    ../clib/angel/sysapp.c                   0x00000000   Number         0  sys_wrch.o ABSOLUTE
    ../clib/angel/sysapp.c                   0x00000000   Number         0  sys_wrch_hlt.o ABSOLUTE
    ../clib/angel/sysapp.c                   0x00000000   Number         0  sys_command.o ABSOLUTE
    ../clib/angel/sysapp.c                   0x00000000   Number         0  sys_command_hlt.o ABSOLUTE
    ../clib/armsys.c                         0x00000000   Number         0  argv_veneer.o ABSOLUTE
    ../clib/armsys.c                         0x00000000   Number         0  _get_argv_nomalloc.o ABSOLUTE
    ../clib/armsys.c                         0x00000000   Number         0  no_argv.o ABSOLUTE
    ../clib/division.c                       0x00000000   Number         0  lludiv.o ABSOLUTE
    ../clib/division.c                       0x00000000   Number         0  rtudiv10.o ABSOLUTE
    ../clib/division.s                       0x00000000   Number         0  aeabi_sdivfast.o ABSOLUTE
    ../clib/division.s                       0x00000000   Number         0  aeabi_sdivfast_div0.o ABSOLUTE
    ../clib/heapalloc.c                      0x00000000   Number         0  hrguard.o ABSOLUTE
    ../clib/heapaux.c                        0x00000000   Number         0  heapauxi.o ABSOLUTE
    ../clib/libinit.s                        0x00000000   Number         0  libinit.o ABSOLUTE
    ../clib/libinit.s                        0x00000000   Number         0  libinit2.o ABSOLUTE
    ../clib/libinit.s                        0x00000000   Number         0  libshutdown.o ABSOLUTE
    ../clib/libinit.s                        0x00000000   Number         0  libshutdown2.o ABSOLUTE
    ../clib/memcpset.c                       0x00000000   Number         0  rt_memclr.o ABSOLUTE
    ../clib/misc.s                           0x00000000   Number         0  printf_stubs.o ABSOLUTE
    ../clib/printf.c                         0x00000000   Number         0  __2sprintf.o ABSOLUTE
    ../clib/printf.c                         0x00000000   Number         0  noretval__2sprintf.o ABSOLUTE
    ../clib/printf.c                         0x00000000   Number         0  __printf.o ABSOLUTE
    ../clib/printf.c                         0x00000000   Number         0  _printf_pad.o ABSOLUTE
    ../clib/printf.c                         0x00000000   Number         0  _printf_dec.o ABSOLUTE
    ../clib/printf.c                         0x00000000   Number         0  __printf_flags.o ABSOLUTE
    ../clib/printf.c                         0x00000000   Number         0  __printf_ss.o ABSOLUTE
    ../clib/printf.c                         0x00000000   Number         0  __printf_flags_ss.o ABSOLUTE
    ../clib/printf.c                         0x00000000   Number         0  __printf_wp.o ABSOLUTE
    ../clib/printf.c                         0x00000000   Number         0  __printf_flags_wp.o ABSOLUTE
    ../clib/printf.c                         0x00000000   Number         0  __printf_ss_wp.o ABSOLUTE
    ../clib/printf.c                         0x00000000   Number         0  __printf_flags_ss_wp.o ABSOLUTE
    ../clib/printf.c                         0x00000000   Number         0  _printf_intcommon.o ABSOLUTE
    ../clib/printf.c                         0x00000000   Number         0  _printf_char_common.o ABSOLUTE
    ../clib/printf.c                         0x00000000   Number         0  _sputc.o ABSOLUTE
    ../clib/printf.c                         0x00000000   Number         0  __printf_nopercent.o ABSOLUTE
    ../clib/printf_percent.s                 0x00000000   Number         0  _printf_d.o ABSOLUTE
    ../clib/printf_percent.s                 0x00000000   Number         0  _printf_u.o ABSOLUTE
    ../clib/printf_percent.s                 0x00000000   Number         0  _printf_percent.o ABSOLUTE
    ../clib/printf_percent.s                 0x00000000   Number         0  _printf_percent_end.o ABSOLUTE
    ../clib/signal.c                         0x00000000   Number         0  defsig_fpe_outer.o ABSOLUTE
    ../clib/signal.c                         0x00000000   Number         0  defsig_fpe_formal.o ABSOLUTE
    ../clib/signal.c                         0x00000000   Number         0  defsig_exit.o ABSOLUTE
    ../clib/signal.c                         0x00000000   Number         0  defsig_fpe_inner.o ABSOLUTE
    ../clib/signal.c                         0x00000000   Number         0  __raise.o ABSOLUTE
    ../clib/signal.c                         0x00000000   Number         0  defsig_general.o ABSOLUTE
    ../clib/signal.c                         0x00000000   Number         0  defsig_abrt_inner.o ABSOLUTE
    ../clib/signal.c                         0x00000000   Number         0  defsig_rtred_inner.o ABSOLUTE
    ../clib/signal.c                         0x00000000   Number         0  defsig_rtmem_inner.o ABSOLUTE
    ../clib/signal.c                         0x00000000   Number         0  defsig_rtmem_outer.o ABSOLUTE
    ../clib/signal.c                         0x00000000   Number         0  defsig_rtmem_formal.o ABSOLUTE
    ../clib/signal.c                         0x00000000   Number         0  defsig_stak_inner.o ABSOLUTE
    ../clib/signal.c                         0x00000000   Number         0  defsig_pvfn_inner.o ABSOLUTE
    ../clib/signal.c                         0x00000000   Number         0  defsig_cppl_inner.o ABSOLUTE
    ../clib/signal.c                         0x00000000   Number         0  defsig_segv_inner.o ABSOLUTE
    ../clib/signal.c                         0x00000000   Number         0  defsig_other.o ABSOLUTE
    ../clib/signal.s                         0x00000000   Number         0  defsig.o ABSOLUTE
    ../clib/stdlib.c                         0x00000000   Number         0  exit.o ABSOLUTE
    ../clib/string.c                         0x00000000   Number         0  strlen.o ABSOLUTE
    ../fplib/cfplib/fdiv.c                   0x00000000   Number         0  fdiv.o ABSOLUTE
    ../fplib/cfplib/ffix.c                   0x00000000   Number         0  ffixui.o ABSOLUTE
    ../fplib/cfplib/fflt.c                   0x00000000   Number         0  fflti.o ABSOLUTE
    ../fplib/cfplib/fpinit.c                 0x00000000   Number         0  fpinit.o ABSOLUTE
    ../fplib/fmul6m.s                        0x00000000   Number         0  fmul.o ABSOLUTE
    ../fplib/usenofp.s                       0x00000000   Number         0  usenofp.o ABSOLUTE
    dc.s                                     0x00000000   Number         0  dc.o ABSOLUTE
    lcd.c                                    0x00000000   Number         0  lcd.o ABSOLUTE
    main.c                                   0x00000000   Number         0  main.o ABSOLUTE
    startup_stm32l073xx.s                    0x00000000   Number         0  startup_stm32l073xx.o ABSOLUTE
    stm32l0xx_hal.c                          0x00000000   Number         0  stm32l0xx_hal.o ABSOLUTE
    stm32l0xx_hal_adc.c                      0x00000000   Number         0  stm32l0xx_hal_adc.o ABSOLUTE
    stm32l0xx_hal_adc_ex.c                   0x00000000   Number         0  stm32l0xx_hal_adc_ex.o ABSOLUTE
    stm32l0xx_hal_cortex.c                   0x00000000   Number         0  stm32l0xx_hal_cortex.o ABSOLUTE
    stm32l0xx_hal_dma.c                      0x00000000   Number         0  stm32l0xx_hal_dma.o ABSOLUTE
    stm32l0xx_hal_exti.c                     0x00000000   Number         0  stm32l0xx_hal_exti.o ABSOLUTE
    stm32l0xx_hal_flash.c                    0x00000000   Number         0  stm32l0xx_hal_flash.o ABSOLUTE
    stm32l0xx_hal_flash_ex.c                 0x00000000   Number         0  stm32l0xx_hal_flash_ex.o ABSOLUTE
    stm32l0xx_hal_flash_ramfunc.c            0x00000000   Number         0  stm32l0xx_hal_flash_ramfunc.o ABSOLUTE
    stm32l0xx_hal_gpio.c                     0x00000000   Number         0  stm32l0xx_hal_gpio.o ABSOLUTE
    stm32l0xx_hal_i2c.c                      0x00000000   Number         0  stm32l0xx_hal_i2c.o ABSOLUTE
    stm32l0xx_hal_i2c_ex.c                   0x00000000   Number         0  stm32l0xx_hal_i2c_ex.o ABSOLUTE
    stm32l0xx_hal_msp.c                      0x00000000   Number         0  stm32l0xx_hal_msp.o ABSOLUTE
    stm32l0xx_hal_pwr.c                      0x00000000   Number         0  stm32l0xx_hal_pwr.o ABSOLUTE
    stm32l0xx_hal_pwr_ex.c                   0x00000000   Number         0  stm32l0xx_hal_pwr_ex.o ABSOLUTE
    stm32l0xx_hal_rcc.c                      0x00000000   Number         0  stm32l0xx_hal_rcc.o ABSOLUTE
    stm32l0xx_hal_rcc_ex.c                   0x00000000   Number         0  stm32l0xx_hal_rcc_ex.o ABSOLUTE
    stm32l0xx_hal_uart.c                     0x00000000   Number         0  stm32l0xx_hal_uart.o ABSOLUTE
    stm32l0xx_hal_uart_ex.c                  0x00000000   Number         0  stm32l0xx_hal_uart_ex.o ABSOLUTE
    stm32l0xx_it.c                           0x00000000   Number         0  stm32l0xx_it.o ABSOLUTE
    system_stm32l0xx.c                       0x00000000   Number         0  system_stm32l0xx.o ABSOLUTE
    RESET                                    0x08000000   Section      192  startup_stm32l073xx.o(RESET)
    !!!main                                  0x080000c0   Section        8  __main.o(!!!main)
    !!!scatter                               0x080000c8   Section       84  __scatter.o(!!!scatter)
    !!handler_copy                           0x0800011c   Section       26  __scatter_copy.o(!!handler_copy)
    !!handler_null                           0x08000138   Section        2  __scatter.o(!!handler_null)
    !!handler_zi                             0x0800013c   Section       28  __scatter_zi.o(!!handler_zi)
    .ARM.Collect$$_printf_percent$$00000000  0x08000158   Section        2  _printf_percent.o(.ARM.Collect$$_printf_percent$$00000000)
    .ARM.Collect$$_printf_percent$$00000009  0x0800015a   Section       10  _printf_d.o(.ARM.Collect$$_printf_percent$$00000009)
    .ARM.Collect$$_printf_percent$$0000000A  0x08000164   Section       10  _printf_u.o(.ARM.Collect$$_printf_percent$$0000000A)
    .ARM.Collect$$_printf_percent$$00000017  0x0800016e   Section        4  _printf_percent_end.o(.ARM.Collect$$_printf_percent$$00000017)
    .ARM.Collect$$libinit$$00000000          0x08000172   Section        2  libinit.o(.ARM.Collect$$libinit$$00000000)
    .ARM.Collect$$libinit$$00000002          0x08000174   Section        0  libinit2.o(.ARM.Collect$$libinit$$00000002)
    .ARM.Collect$$libinit$$00000004          0x08000174   Section        0  libinit2.o(.ARM.Collect$$libinit$$00000004)
    .ARM.Collect$$libinit$$00000006          0x08000174   Section        0  libinit2.o(.ARM.Collect$$libinit$$00000006)
    .ARM.Collect$$libinit$$0000000C          0x08000174   Section        0  libinit2.o(.ARM.Collect$$libinit$$0000000C)
    .ARM.Collect$$libinit$$0000000E          0x08000174   Section        0  libinit2.o(.ARM.Collect$$libinit$$0000000E)
    .ARM.Collect$$libinit$$00000010          0x08000174   Section        0  libinit2.o(.ARM.Collect$$libinit$$00000010)
    .ARM.Collect$$libinit$$00000013          0x08000174   Section        0  libinit2.o(.ARM.Collect$$libinit$$00000013)
    .ARM.Collect$$libinit$$00000015          0x08000174   Section        0  libinit2.o(.ARM.Collect$$libinit$$00000015)
    .ARM.Collect$$libinit$$00000017          0x08000174   Section        0  libinit2.o(.ARM.Collect$$libinit$$00000017)
    .ARM.Collect$$libinit$$00000019          0x08000174   Section        0  libinit2.o(.ARM.Collect$$libinit$$00000019)
    .ARM.Collect$$libinit$$0000001B          0x08000174   Section        0  libinit2.o(.ARM.Collect$$libinit$$0000001B)
    .ARM.Collect$$libinit$$0000001D          0x08000174   Section        0  libinit2.o(.ARM.Collect$$libinit$$0000001D)
    .ARM.Collect$$libinit$$0000001F          0x08000174   Section        0  libinit2.o(.ARM.Collect$$libinit$$0000001F)
    .ARM.Collect$$libinit$$00000021          0x08000174   Section        0  libinit2.o(.ARM.Collect$$libinit$$00000021)
    .ARM.Collect$$libinit$$00000023          0x08000174   Section        0  libinit2.o(.ARM.Collect$$libinit$$00000023)
    .ARM.Collect$$libinit$$00000025          0x08000174   Section        0  libinit2.o(.ARM.Collect$$libinit$$00000025)
    .ARM.Collect$$libinit$$00000027          0x08000174   Section        0  libinit2.o(.ARM.Collect$$libinit$$00000027)
    .ARM.Collect$$libinit$$0000002E          0x08000174   Section        0  libinit2.o(.ARM.Collect$$libinit$$0000002E)
    .ARM.Collect$$libinit$$00000030          0x08000174   Section        0  libinit2.o(.ARM.Collect$$libinit$$00000030)
    .ARM.Collect$$libinit$$00000032          0x08000174   Section        0  libinit2.o(.ARM.Collect$$libinit$$00000032)
    .ARM.Collect$$libinit$$00000034          0x08000174   Section        0  libinit2.o(.ARM.Collect$$libinit$$00000034)
    .ARM.Collect$$libinit$$00000035          0x08000174   Section        2  libinit2.o(.ARM.Collect$$libinit$$00000035)
    .ARM.Collect$$libshutdown$$00000000      0x08000176   Section        2  libshutdown.o(.ARM.Collect$$libshutdown$$00000000)
    .ARM.Collect$$libshutdown$$00000002      0x08000178   Section        0  libshutdown2.o(.ARM.Collect$$libshutdown$$00000002)
    .ARM.Collect$$libshutdown$$00000004      0x08000178   Section        0  libshutdown2.o(.ARM.Collect$$libshutdown$$00000004)
    .ARM.Collect$$libshutdown$$00000007      0x08000178   Section        0  libshutdown2.o(.ARM.Collect$$libshutdown$$00000007)
    .ARM.Collect$$libshutdown$$0000000A      0x08000178   Section        0  libshutdown2.o(.ARM.Collect$$libshutdown$$0000000A)
    .ARM.Collect$$libshutdown$$0000000C      0x08000178   Section        0  libshutdown2.o(.ARM.Collect$$libshutdown$$0000000C)
    .ARM.Collect$$libshutdown$$0000000F      0x08000178   Section        0  libshutdown2.o(.ARM.Collect$$libshutdown$$0000000F)
    .ARM.Collect$$libshutdown$$00000010      0x08000178   Section        2  libshutdown2.o(.ARM.Collect$$libshutdown$$00000010)
    .ARM.Collect$$rtentry$$00000000          0x0800017a   Section        0  __rtentry.o(.ARM.Collect$$rtentry$$00000000)
    .ARM.Collect$$rtentry$$00000002          0x0800017a   Section        0  __rtentry2.o(.ARM.Collect$$rtentry$$00000002)
    .ARM.Collect$$rtentry$$00000004          0x0800017a   Section        6  __rtentry4.o(.ARM.Collect$$rtentry$$00000004)
    .ARM.Collect$$rtentry$$00000009          0x08000180   Section        0  __rtentry2.o(.ARM.Collect$$rtentry$$00000009)
    .ARM.Collect$$rtentry$$0000000A          0x08000180   Section        4  __rtentry2.o(.ARM.Collect$$rtentry$$0000000A)
    .ARM.Collect$$rtentry$$0000000C          0x08000184   Section        0  __rtentry2.o(.ARM.Collect$$rtentry$$0000000C)
    .ARM.Collect$$rtentry$$0000000D          0x08000184   Section        8  __rtentry2.o(.ARM.Collect$$rtentry$$0000000D)
    .ARM.Collect$$rtexit$$00000000           0x0800018c   Section        2  rtexit.o(.ARM.Collect$$rtexit$$00000000)
    .ARM.Collect$$rtexit$$00000002           0x0800018e   Section        0  rtexit2.o(.ARM.Collect$$rtexit$$00000002)
    .ARM.Collect$$rtexit$$00000003           0x0800018e   Section        4  rtexit2.o(.ARM.Collect$$rtexit$$00000003)
    .ARM.Collect$$rtexit$$00000004           0x08000192   Section        6  rtexit2.o(.ARM.Collect$$rtexit$$00000004)
    .text                                    0x08000198   Section       56  startup_stm32l073xx.o(.text)
    .text                                    0x080001d0   Section        0  lludiv.o(.text)
    .text                                    0x080002e0   Section        0  noretval__2sprintf.o(.text)
    .text                                    0x08000308   Section        0  _printf_pad.o(.text)
    .text                                    0x08000358   Section        0  _printf_dec.o(.text)
    .text                                    0x080003c4   Section        0  __printf_ss_wp.o(.text)
    .text                                    0x08000524   Section        0  strlen.o(.text)
    .text                                    0x08000568   Section        0  rt_memclr.o(.text)
    .text                                    0x080005a8   Section        0  heapauxi.o(.text)
    .text                                    0x080005b0   Section        0  fdiv.o(.text)
    .text                                    0x08000710   Section        0  ffixui.o(.text)
    .text                                    0x08000740   Section        0  fflti.o(.text)
    .text                                    0x0800079e   Section        0  _printf_intcommon.o(.text)
    _printf_input_char                       0x08000851   Thumb Code    10  _printf_char_common.o(.text)
    .text                                    0x08000850   Section        0  _printf_char_common.o(.text)
    .text                                    0x08000880   Section        0  _sputc.o(.text)
    .text                                    0x0800088a   Section        0  rtudiv10.o(.text)
    .text                                    0x080008b2   Section       62  sys_stackheap_outer.o(.text)
    .text                                    0x080008f0   Section        0  exit.o(.text)
    .text                                    0x08000900   Section        8  libspace.o(.text)
    .text                                    0x08000908   Section        0  sys_exit.o(.text)
    .text                                    0x08000914   Section        2  use_no_semi.o(.text)
    .text                                    0x08000916   Section        0  indicate_semi.o(.text)
    ADC_Enable                               0x08000919   Thumb Code   188  stm32l0xx_hal_adc.o(.text.ADC_Enable)
    [Anonymous Symbol]                       0x08000918   Section        0  stm32l0xx_hal_adc.o(.text.ADC_Enable)
    __arm_cp.5_0                             0x080009d4   Number         4  stm32l0xx_hal_adc.o(.text.ADC_Enable)
    [Anonymous Symbol]                       0x080009d8   Section        0  stm32l0xx_hal_adc.o(.text.HAL_ADC_ConfigChannel)
    __arm_cp.22_0                            0x08000ae4   Number         4  stm32l0xx_hal_adc.o(.text.HAL_ADC_ConfigChannel)
    __arm_cp.22_2                            0x08000ae8   Number         4  stm32l0xx_hal_adc.o(.text.HAL_ADC_ConfigChannel)
    __arm_cp.22_3                            0x08000aec   Number         4  stm32l0xx_hal_adc.o(.text.HAL_ADC_ConfigChannel)
    __arm_cp.22_4                            0x08000af0   Number         4  stm32l0xx_hal_adc.o(.text.HAL_ADC_ConfigChannel)
    [Anonymous Symbol]                       0x08000af4   Section        0  stm32l0xx_hal_adc.o(.text.HAL_ADC_GetValue)
    [Anonymous Symbol]                       0x08000afc   Section        0  stm32l0xx_hal_adc.o(.text.HAL_ADC_Init)
    __arm_cp.0_0                             0x08000cac   Number         4  stm32l0xx_hal_adc.o(.text.HAL_ADC_Init)
    __arm_cp.0_1                             0x08000cb0   Number         4  stm32l0xx_hal_adc.o(.text.HAL_ADC_Init)
    __arm_cp.0_2                             0x08000cb4   Number         4  stm32l0xx_hal_adc.o(.text.HAL_ADC_Init)
    __arm_cp.0_3                             0x08000cb8   Number         4  stm32l0xx_hal_adc.o(.text.HAL_ADC_Init)
    [Anonymous Symbol]                       0x08000cbc   Section        0  stm32l0xx_hal_msp.o(.text.HAL_ADC_MspInit)
    __arm_cp.1_0                             0x08000d08   Number         4  stm32l0xx_hal_msp.o(.text.HAL_ADC_MspInit)
    __arm_cp.1_1                             0x08000d0c   Number         4  stm32l0xx_hal_msp.o(.text.HAL_ADC_MspInit)
    [Anonymous Symbol]                       0x08000d10   Section        0  stm32l0xx_hal_adc.o(.text.HAL_ADC_PollForConversion)
    [Anonymous Symbol]                       0x08000e38   Section        0  stm32l0xx_hal_adc.o(.text.HAL_ADC_Start)
    __arm_cp.4_0                             0x08000e98   Number         4  stm32l0xx_hal_adc.o(.text.HAL_ADC_Start)
    [Anonymous Symbol]                       0x08000e9c   Section        0  stm32l0xx_hal_adc.o(.text.HAL_ADC_Stop)
    [Anonymous Symbol]                       0x08000f64   Section        0  stm32l0xx_hal.o(.text.HAL_Delay)
    [Anonymous Symbol]                       0x08000f84   Section        0  stm32l0xx_hal_gpio.o(.text.HAL_GPIO_Init)
    __arm_cp.0_0                             0x08001100   Number         4  stm32l0xx_hal_gpio.o(.text.HAL_GPIO_Init)
    __arm_cp.0_1                             0x08001104   Number         4  stm32l0xx_hal_gpio.o(.text.HAL_GPIO_Init)
    __arm_cp.0_3                             0x08001108   Number         4  stm32l0xx_hal_gpio.o(.text.HAL_GPIO_Init)
    [Anonymous Symbol]                       0x0800110c   Section        0  stm32l0xx_hal_gpio.o(.text.HAL_GPIO_WritePin)
    [Anonymous Symbol]                       0x0800111c   Section        0  stm32l0xx_hal.o(.text.HAL_GetTick)
    [Anonymous Symbol]                       0x08001124   Section        0  stm32l0xx_hal.o(.text.HAL_IncTick)
    __arm_cp.5_1                             0x08001134   Number         4  stm32l0xx_hal.o(.text.HAL_IncTick)
    [Anonymous Symbol]                       0x08001138   Section        0  stm32l0xx_hal.o(.text.HAL_Init)
    __arm_cp.0_0                             0x0800115c   Number         4  stm32l0xx_hal.o(.text.HAL_Init)
    [Anonymous Symbol]                       0x08001160   Section        0  stm32l0xx_hal.o(.text.HAL_InitTick)
    __arm_cp.1_0                             0x0800119c   Number         4  stm32l0xx_hal.o(.text.HAL_InitTick)
    __arm_cp.1_1                             0x080011a0   Number         4  stm32l0xx_hal.o(.text.HAL_InitTick)
    [Anonymous Symbol]                       0x080011a4   Section        0  stm32l0xx_hal_msp.o(.text.HAL_MspInit)
    __arm_cp.0_0                             0x080011b8   Number         4  stm32l0xx_hal_msp.o(.text.HAL_MspInit)
    [Anonymous Symbol]                       0x080011bc   Section        0  stm32l0xx_hal_cortex.o(.text.HAL_NVIC_SetPriority)
    __arm_cp.0_0                             0x080011ec   Number         4  stm32l0xx_hal_cortex.o(.text.HAL_NVIC_SetPriority)
    __arm_cp.0_1                             0x080011f0   Number         4  stm32l0xx_hal_cortex.o(.text.HAL_NVIC_SetPriority)
    [Anonymous Symbol]                       0x080011f4   Section        0  stm32l0xx_hal_rcc_ex.o(.text.HAL_RCCEx_PeriphCLKConfig)
    __arm_cp.0_0                             0x08001424   Number         4  stm32l0xx_hal_rcc_ex.o(.text.HAL_RCCEx_PeriphCLKConfig)
    __arm_cp.0_1                             0x08001428   Number         4  stm32l0xx_hal_rcc_ex.o(.text.HAL_RCCEx_PeriphCLKConfig)
    [Anonymous Symbol]                       0x0800142c   Section        0  stm32l0xx_hal_rcc.o(.text.HAL_RCC_ClockConfig)
    __arm_cp.3_0                             0x08001624   Number         4  stm32l0xx_hal_rcc.o(.text.HAL_RCC_ClockConfig)
    __arm_cp.3_1                             0x08001628   Number         4  stm32l0xx_hal_rcc.o(.text.HAL_RCC_ClockConfig)
    __arm_cp.3_7                             0x0800162c   Number         4  stm32l0xx_hal_rcc.o(.text.HAL_RCC_ClockConfig)
    __arm_cp.3_9                             0x08001630   Number         4  stm32l0xx_hal_rcc.o(.text.HAL_RCC_ClockConfig)
    [Anonymous Symbol]                       0x08001634   Section        0  stm32l0xx_hal_rcc.o(.text.HAL_RCC_GetPCLK1Freq)
    [Anonymous Symbol]                       0x08001648   Section        0  stm32l0xx_hal_rcc.o(.text.HAL_RCC_GetPCLK2Freq)
    __arm_cp.8_0                             0x0800165c   Number         4  stm32l0xx_hal_rcc.o(.text.HAL_RCC_GetPCLK2Freq)
    __arm_cp.8_1                             0x08001660   Number         4  stm32l0xx_hal_rcc.o(.text.HAL_RCC_GetPCLK2Freq)
    __arm_cp.8_2                             0x08001664   Number         4  stm32l0xx_hal_rcc.o(.text.HAL_RCC_GetPCLK2Freq)
    [Anonymous Symbol]                       0x08001668   Section        0  stm32l0xx_hal_rcc.o(.text.HAL_RCC_GetSysClockFreq)
    __arm_cp.2_1                             0x080016d0   Number         4  stm32l0xx_hal_rcc.o(.text.HAL_RCC_GetSysClockFreq)
    __arm_cp.2_2                             0x080016d4   Number         4  stm32l0xx_hal_rcc.o(.text.HAL_RCC_GetSysClockFreq)
    __arm_cp.2_3                             0x080016d8   Number         4  stm32l0xx_hal_rcc.o(.text.HAL_RCC_GetSysClockFreq)
    __arm_cp.2_4                             0x080016dc   Number         4  stm32l0xx_hal_rcc.o(.text.HAL_RCC_GetSysClockFreq)
    [Anonymous Symbol]                       0x080016e0   Section        0  stm32l0xx_hal_rcc.o(.text.HAL_RCC_OscConfig)
    __arm_cp.1_13                            0x0800187c   Number         4  stm32l0xx_hal_rcc.o(.text.HAL_RCC_OscConfig)
    __arm_cp.1_1                             0x08001c44   Number         4  stm32l0xx_hal_rcc.o(.text.HAL_RCC_OscConfig)
    __arm_cp.1_2                             0x08001c48   Number         4  stm32l0xx_hal_rcc.o(.text.HAL_RCC_OscConfig)
    __arm_cp.1_3                             0x08001c4c   Number         4  stm32l0xx_hal_rcc.o(.text.HAL_RCC_OscConfig)
    __arm_cp.1_4                             0x08001c50   Number         4  stm32l0xx_hal_rcc.o(.text.HAL_RCC_OscConfig)
    __arm_cp.1_5                             0x08001c54   Number         4  stm32l0xx_hal_rcc.o(.text.HAL_RCC_OscConfig)
    __arm_cp.1_6                             0x08001c58   Number         4  stm32l0xx_hal_rcc.o(.text.HAL_RCC_OscConfig)
    __arm_cp.1_7                             0x08001c5c   Number         4  stm32l0xx_hal_rcc.o(.text.HAL_RCC_OscConfig)
    __arm_cp.1_8                             0x08001c60   Number         4  stm32l0xx_hal_rcc.o(.text.HAL_RCC_OscConfig)
    __arm_cp.1_9                             0x08001c64   Number         4  stm32l0xx_hal_rcc.o(.text.HAL_RCC_OscConfig)
    __arm_cp.1_10                            0x08001c68   Number         4  stm32l0xx_hal_rcc.o(.text.HAL_RCC_OscConfig)
    [Anonymous Symbol]                       0x08001c6c   Section        0  stm32l0xx_hal_cortex.o(.text.HAL_SYSTICK_Config)
    __arm_cp.4_0                             0x08001c94   Number         4  stm32l0xx_hal_cortex.o(.text.HAL_SYSTICK_Config)
    __arm_cp.4_1                             0x08001c98   Number         4  stm32l0xx_hal_cortex.o(.text.HAL_SYSTICK_Config)
    __arm_cp.4_2                             0x08001c9c   Number         4  stm32l0xx_hal_cortex.o(.text.HAL_SYSTICK_Config)
    [Anonymous Symbol]                       0x08001ca0   Section        0  stm32l0xx_hal_uart.o(.text.HAL_UART_Init)
    [Anonymous Symbol]                       0x08001d10   Section        0  stm32l0xx_hal_msp.o(.text.HAL_UART_MspInit)
    __arm_cp.3_0                             0x08001d90   Number         4  stm32l0xx_hal_msp.o(.text.HAL_UART_MspInit)
    __arm_cp.3_1                             0x08001d94   Number         4  stm32l0xx_hal_msp.o(.text.HAL_UART_MspInit)
    __arm_cp.3_2                             0x08001d98   Number         4  stm32l0xx_hal_msp.o(.text.HAL_UART_MspInit)
    __arm_cp.3_3                             0x08001d9c   Number         4  stm32l0xx_hal_msp.o(.text.HAL_UART_MspInit)
    [Anonymous Symbol]                       0x08001da0   Section        0  stm32l0xx_hal_uart.o(.text.HAL_UART_Transmit)
    __arm_cp.10_0                            0x08001f28   Number         4  stm32l0xx_hal_uart.o(.text.HAL_UART_Transmit)
    [Anonymous Symbol]                       0x08001f2c   Section        0  stm32l0xx_it.o(.text.HardFault_Handler)
    [Anonymous Symbol]                       0x08001f2e   Section        0  lcd.o(.text.Lcd_create)
    [Anonymous Symbol]                       0x08001f80   Section        0  lcd.o(.text.Lcd_cursor)
    __arm_cp.6_0                             0x08001f94   Number         4  lcd.o(.text.Lcd_cursor)
    [Anonymous Symbol]                       0x08001f98   Section        0  lcd.o(.text.Lcd_init)
    [Anonymous Symbol]                       0x08001fd8   Section        0  lcd.o(.text.Lcd_string)
    [Anonymous Symbol]                       0x08002004   Section        0  stm32l0xx_it.o(.text.NMI_Handler)
    [Anonymous Symbol]                       0x08002006   Section        0  stm32l0xx_it.o(.text.PendSV_Handler)
    [Anonymous Symbol]                       0x08002008   Section        0  stm32l0xx_it.o(.text.SVC_Handler)
    [Anonymous Symbol]                       0x0800200a   Section        0  stm32l0xx_it.o(.text.SysTick_Handler)
    [Anonymous Symbol]                       0x08002012   Section        0  system_stm32l0xx.o(.text.SystemInit)
    [Anonymous Symbol]                       0x08002014   Section        0  stm32l0xx_hal_uart.o(.text.UART_AdvFeatureConfig)
    [Anonymous Symbol]                       0x080020e8   Section        0  stm32l0xx_hal_uart.o(.text.UART_CheckIdleState)
    __arm_cp.4_0                             0x080021b4   Number         4  stm32l0xx_hal_uart.o(.text.UART_CheckIdleState)
    [Anonymous Symbol]                       0x080021b8   Section        0  stm32l0xx_hal_uart.o(.text.UART_SetConfig)
    __arm_cp.3_0                             0x0800239c   Number         4  stm32l0xx_hal_uart.o(.text.UART_SetConfig)
    __arm_cp.3_1                             0x080023a0   Number         4  stm32l0xx_hal_uart.o(.text.UART_SetConfig)
    __arm_cp.3_2                             0x080023a4   Number         4  stm32l0xx_hal_uart.o(.text.UART_SetConfig)
    __arm_cp.3_3                             0x080023a8   Number         4  stm32l0xx_hal_uart.o(.text.UART_SetConfig)
    __arm_cp.3_4                             0x080023ac   Number         4  stm32l0xx_hal_uart.o(.text.UART_SetConfig)
    __arm_cp.3_5                             0x080023b0   Number         4  stm32l0xx_hal_uart.o(.text.UART_SetConfig)
    __arm_cp.3_6                             0x080023b4   Number         4  stm32l0xx_hal_uart.o(.text.UART_SetConfig)
    __arm_cp.3_7                             0x080023b8   Number         4  stm32l0xx_hal_uart.o(.text.UART_SetConfig)
    __arm_cp.3_8                             0x080023bc   Number         4  stm32l0xx_hal_uart.o(.text.UART_SetConfig)
    __arm_cp.3_10                            0x080023d0   Number         4  stm32l0xx_hal_uart.o(.text.UART_SetConfig)
    __arm_cp.3_11                            0x080023d4   Number         4  stm32l0xx_hal_uart.o(.text.UART_SetConfig)
    __arm_cp.3_12                            0x080023d8   Number         4  stm32l0xx_hal_uart.o(.text.UART_SetConfig)
    __arm_cp.3_13                            0x080023dc   Number         4  stm32l0xx_hal_uart.o(.text.UART_SetConfig)
    __arm_cp.3_14                            0x080023e0   Number         4  stm32l0xx_hal_uart.o(.text.UART_SetConfig)
    [Anonymous Symbol]                       0x080023e4   Section        0  stm32l0xx_hal_uart.o(.text.UART_WaitOnFlagUntilTimeout)
    lcd_write_command                        0x080025a1   Thumb Code   334  lcd.o(.text.lcd_write_command)
    [Anonymous Symbol]                       0x080025a0   Section        0  lcd.o(.text.lcd_write_command)
    lcd_write_data                           0x080026ef   Thumb Code   334  lcd.o(.text.lcd_write_data)
    [Anonymous Symbol]                       0x080026ee   Section        0  lcd.o(.text.lcd_write_data)
    [Anonymous Symbol]                       0x0800283c   Section        0  main.o(.text.main)
    __arm_cp.1_0                             0x08002bd0   Number         4  main.o(.text.main)
    __arm_cp.1_1                             0x08002bd4   Number         4  main.o(.text.main)
    __arm_cp.1_2                             0x08002bd8   Number         4  main.o(.text.main)
    __arm_cp.1_3                             0x08002bdc   Number         4  main.o(.text.main)
    __arm_cp.1_4                             0x08002be0   Number         4  main.o(.text.main)
    __arm_cp.1_5                             0x08002be4   Number         4  main.o(.text.main)
    __arm_cp.1_6                             0x08002be8   Number         4  main.o(.text.main)
    __arm_cp.1_7                             0x08002bec   Number         4  main.o(.text.main)
    __arm_cp.1_8                             0x08002bf0   Number         4  main.o(.text.main)
    __arm_cp.1_9                             0x08002bf4   Number         4  main.o(.text.main)
    __arm_cp.1_10                            0x08002bf8   Number         4  main.o(.text.main)
    __arm_cp.1_11                            0x08002bfc   Number         4  main.o(.text.main)
    __arm_cp.1_13                            0x08002c14   Number         4  main.o(.text.main)
    __arm_cp.1_14                            0x08002c18   Number         4  main.o(.text.main)
    __arm_cp.1_15                            0x08002c1c   Number         4  main.o(.text.main)
    __arm_cp.1_16                            0x08002c20   Number         4  main.o(.text.main)
    __arm_cp.1_17                            0x08002c24   Number         4  main.o(.text.main)
    __arm_cp.1_18                            0x08002c28   Number         4  main.o(.text.main)
    __arm_cp.1_19                            0x08002c2c   Number         4  main.o(.text.main)
    __arm_cp.1_20                            0x08002c30   Number         4  main.o(.text.main)
    .text_divfast                            0x08002c68   Section      502  aeabi_sdivfast.o(.text_divfast)
    i._is_digit                              0x08002e5e   Section        0  __printf_wp.o(i._is_digit)
    x$fpl$fmul                               0x08002e6c   Section      176  fmul.o(x$fpl$fmul)
    fdiv_tab                                 0x08002f1c   Data          64  fdiv.o(.constdata)
    .constdata                               0x08002f1c   Section       64  fdiv.o(.constdata)
    x$fpl$usenofp                            0x08002f1c   Section        0  usenofp.o(x$fpl$usenofp)
    [Anonymous Symbol]                       0x08002f84   Section        0  stm32l0xx_hal_uart.o(.rodata.cst16)
    [Anonymous Symbol]                       0x08002f94   Section        0  main.o(.rodata.str1.1)
    [Anonymous Symbol]                       0x20000000   Section        0  main.o(.data..L_MergedGlobals)
    [Anonymous Symbol]                       0x20000018   Section        0  stm32l0xx_hal.o(.data..L_MergedGlobals)
    .bss                                     0x20000028   Section       96  libspace.o(.bss)
    [Anonymous Symbol]                       0x20000088   Section        0  main.o(.bss..L_MergedGlobals.5)
    main.last_send_time                      0x20000094   Data           4  main.o(.bss..L_MergedGlobals.5)
    Heap_Mem                                 0x20000198   Data         512  startup_stm32l073xx.o(HEAP)
    HEAP                                     0x20000198   Section      512  startup_stm32l073xx.o(HEAP)
    Stack_Mem                                0x20000398   Data        1024  startup_stm32l073xx.o(STACK)
    STACK                                    0x20000398   Section     1024  startup_stm32l073xx.o(STACK)
    __initial_sp                             0x20000798   Data           0  startup_stm32l073xx.o(STACK)

    Global Symbols

    Symbol Name                              Value     Ov Type        Size  Object(Section)

    BuildAttributes$$THM_ISAv3M$S$PE$A:L22$X:L11$S22$IEEE1$IW$~IW$USESV6$~STKCKD$USESV7$~SHL$OTIME$ROPI$EBA8$UX$STANDARDLIB$REQ8$PRES8$EABIv2 0x00000000   Number         0  anon$$obj.o ABSOLUTE
    _printf_flags                            0x00000000   Number         0  printf_stubs.o ABSOLUTE
    _printf_return_value                     0x00000000   Number         0  printf_stubs.o ABSOLUTE
    _printf_sizespec                         0x00000000   Number         0  printf_stubs.o ABSOLUTE
    _printf_widthprec                        0x00000000   Number         0  printf_stubs.o ABSOLUTE
    __ARM_exceptions_init                     - Undefined Weak Reference
    __alloca_initialize                       - Undefined Weak Reference
    __arm_preinit_                            - Undefined Weak Reference
    __arm_relocate_pie_                       - Undefined Weak Reference
    __cpp_initialize__aeabi_                  - Undefined Weak Reference
    __cxa_finalize                            - Undefined Weak Reference
    __rt_locale                               - Undefined Weak Reference
    __sigvec_lookup                           - Undefined Weak Reference
    _atexit_init                              - Undefined Weak Reference
    _call_atexit_fns                          - Undefined Weak Reference
    _clock_init                               - Undefined Weak Reference
    _fp_trap_init                             - Undefined Weak Reference
    _fp_trap_shutdown                         - Undefined Weak Reference
    _get_lc_collate                           - Undefined Weak Reference
    _get_lc_ctype                             - Undefined Weak Reference
    _get_lc_monetary                          - Undefined Weak Reference
    _get_lc_numeric                           - Undefined Weak Reference
    _get_lc_time                              - Undefined Weak Reference
    _getenv_init                              - Undefined Weak Reference
    _handle_redirection                       - Undefined Weak Reference
    _init_alloc                               - Undefined Weak Reference
    _init_user_alloc                          - Undefined Weak Reference
    _initio                                   - Undefined Weak Reference
    _printf_truncate_signed                   - Undefined Weak Reference
    _printf_truncate_unsigned                 - Undefined Weak Reference
    _rand_init                                - Undefined Weak Reference
    _signal_finish                            - Undefined Weak Reference
    _signal_init                              - Undefined Weak Reference
    _terminate_alloc                          - Undefined Weak Reference
    _terminate_user_alloc                     - Undefined Weak Reference
    _terminateio                              - Undefined Weak Reference
    __Vectors_Size                           0x000000c0   Number         0  startup_stm32l073xx.o ABSOLUTE
    __Vectors                                0x08000000   Data           4  startup_stm32l073xx.o(RESET)
    __Vectors_End                            0x080000c0   Data           0  startup_stm32l073xx.o(RESET)
    __main                                   0x080000c1   Thumb Code     8  __main.o(!!!main)
    __scatterload                            0x080000c9   Thumb Code     0  __scatter.o(!!!scatter)
    __scatterload_rt2                        0x080000c9   Thumb Code    74  __scatter.o(!!!scatter)
    __scatterload_rt2_thumb_only             0x080000c9   Thumb Code     0  __scatter.o(!!!scatter)
    __scatterload_loop                       0x080000d3   Thumb Code     0  __scatter.o(!!!scatter)
    __scatterload_copy                       0x0800011d   Thumb Code    26  __scatter_copy.o(!!handler_copy)
    __scatterload_null                       0x08000139   Thumb Code     2  __scatter.o(!!handler_null)
    __scatterload_zeroinit                   0x0800013d   Thumb Code    28  __scatter_zi.o(!!handler_zi)
    _printf_percent                          0x08000159   Thumb Code     0  _printf_percent.o(.ARM.Collect$$_printf_percent$$00000000)
    _printf_d                                0x0800015b   Thumb Code     0  _printf_d.o(.ARM.Collect$$_printf_percent$$00000009)
    _printf_u                                0x08000165   Thumb Code     0  _printf_u.o(.ARM.Collect$$_printf_percent$$0000000A)
    _printf_percent_end                      0x0800016f   Thumb Code     0  _printf_percent_end.o(.ARM.Collect$$_printf_percent$$00000017)
    __rt_lib_init                            0x08000173   Thumb Code     0  libinit.o(.ARM.Collect$$libinit$$00000000)
    __rt_lib_init_alloca_1                   0x08000175   Thumb Code     0  libinit2.o(.ARM.Collect$$libinit$$00000030)
    __rt_lib_init_argv_1                     0x08000175   Thumb Code     0  libinit2.o(.ARM.Collect$$libinit$$0000002E)
    __rt_lib_init_atexit_1                   0x08000175   Thumb Code     0  libinit2.o(.ARM.Collect$$libinit$$0000001D)
    __rt_lib_init_clock_1                    0x08000175   Thumb Code     0  libinit2.o(.ARM.Collect$$libinit$$00000023)
    __rt_lib_init_cpp_1                      0x08000175   Thumb Code     0  libinit2.o(.ARM.Collect$$libinit$$00000034)
    __rt_lib_init_exceptions_1               0x08000175   Thumb Code     0  libinit2.o(.ARM.Collect$$libinit$$00000032)
    __rt_lib_init_fp_1                       0x08000175   Thumb Code     0  libinit2.o(.ARM.Collect$$libinit$$00000002)
    __rt_lib_init_fp_trap_1                  0x08000175   Thumb Code     0  libinit2.o(.ARM.Collect$$libinit$$00000021)
    __rt_lib_init_getenv_1                   0x08000175   Thumb Code     0  libinit2.o(.ARM.Collect$$libinit$$00000025)
    __rt_lib_init_heap_1                     0x08000175   Thumb Code     0  libinit2.o(.ARM.Collect$$libinit$$0000000C)
    __rt_lib_init_lc_collate_1               0x08000175   Thumb Code     0  libinit2.o(.ARM.Collect$$libinit$$00000013)
    __rt_lib_init_lc_ctype_1                 0x08000175   Thumb Code     0  libinit2.o(.ARM.Collect$$libinit$$00000015)
    __rt_lib_init_lc_monetary_1              0x08000175   Thumb Code     0  libinit2.o(.ARM.Collect$$libinit$$00000017)
    __rt_lib_init_lc_numeric_1               0x08000175   Thumb Code     0  libinit2.o(.ARM.Collect$$libinit$$00000019)
    __rt_lib_init_lc_time_1                  0x08000175   Thumb Code     0  libinit2.o(.ARM.Collect$$libinit$$0000001B)
    __rt_lib_init_preinit_1                  0x08000175   Thumb Code     0  libinit2.o(.ARM.Collect$$libinit$$00000006)
    __rt_lib_init_rand_1                     0x08000175   Thumb Code     0  libinit2.o(.ARM.Collect$$libinit$$00000010)
    __rt_lib_init_relocate_pie_1             0x08000175   Thumb Code     0  libinit2.o(.ARM.Collect$$libinit$$00000004)
    __rt_lib_init_return                     0x08000175   Thumb Code     0  libinit2.o(.ARM.Collect$$libinit$$00000035)
    __rt_lib_init_signal_1                   0x08000175   Thumb Code     0  libinit2.o(.ARM.Collect$$libinit$$0000001F)
    __rt_lib_init_stdio_1                    0x08000175   Thumb Code     0  libinit2.o(.ARM.Collect$$libinit$$00000027)
    __rt_lib_init_user_alloc_1               0x08000175   Thumb Code     0  libinit2.o(.ARM.Collect$$libinit$$0000000E)
    __rt_lib_shutdown                        0x08000177   Thumb Code     0  libshutdown.o(.ARM.Collect$$libshutdown$$00000000)
    __rt_lib_shutdown_cpp_1                  0x08000179   Thumb Code     0  libshutdown2.o(.ARM.Collect$$libshutdown$$00000002)
    __rt_lib_shutdown_fp_trap_1              0x08000179   Thumb Code     0  libshutdown2.o(.ARM.Collect$$libshutdown$$00000007)
    __rt_lib_shutdown_heap_1                 0x08000179   Thumb Code     0  libshutdown2.o(.ARM.Collect$$libshutdown$$0000000F)
    __rt_lib_shutdown_return                 0x08000179   Thumb Code     0  libshutdown2.o(.ARM.Collect$$libshutdown$$00000010)
    __rt_lib_shutdown_signal_1               0x08000179   Thumb Code     0  libshutdown2.o(.ARM.Collect$$libshutdown$$0000000A)
    __rt_lib_shutdown_stdio_1                0x08000179   Thumb Code     0  libshutdown2.o(.ARM.Collect$$libshutdown$$00000004)
    __rt_lib_shutdown_user_alloc_1           0x08000179   Thumb Code     0  libshutdown2.o(.ARM.Collect$$libshutdown$$0000000C)
    __rt_entry                               0x0800017b   Thumb Code     0  __rtentry.o(.ARM.Collect$$rtentry$$00000000)
    __rt_entry_presh_1                       0x0800017b   Thumb Code     0  __rtentry2.o(.ARM.Collect$$rtentry$$00000002)
    __rt_entry_sh                            0x0800017b   Thumb Code     0  __rtentry4.o(.ARM.Collect$$rtentry$$00000004)
    __rt_entry_li                            0x08000181   Thumb Code     0  __rtentry2.o(.ARM.Collect$$rtentry$$0000000A)
    __rt_entry_postsh_1                      0x08000181   Thumb Code     0  __rtentry2.o(.ARM.Collect$$rtentry$$00000009)
    __rt_entry_main                          0x08000185   Thumb Code     0  __rtentry2.o(.ARM.Collect$$rtentry$$0000000D)
    __rt_entry_postli_1                      0x08000185   Thumb Code     0  __rtentry2.o(.ARM.Collect$$rtentry$$0000000C)
    __rt_exit                                0x0800018d   Thumb Code     0  rtexit.o(.ARM.Collect$$rtexit$$00000000)
    __rt_exit_ls                             0x0800018f   Thumb Code     0  rtexit2.o(.ARM.Collect$$rtexit$$00000003)
    __rt_exit_prels_1                        0x0800018f   Thumb Code     0  rtexit2.o(.ARM.Collect$$rtexit$$00000002)
    __rt_exit_exit                           0x08000193   Thumb Code     0  rtexit2.o(.ARM.Collect$$rtexit$$00000004)
    Reset_Handler                            0x08000199   Thumb Code     8  startup_stm32l073xx.o(.text)
    ADC1_COMP_IRQHandler                     0x080001ab   Thumb Code     0  startup_stm32l073xx.o(.text)
    DMA1_Channel1_IRQHandler                 0x080001ab   Thumb Code     0  startup_stm32l073xx.o(.text)
    DMA1_Channel2_3_IRQHandler               0x080001ab   Thumb Code     0  startup_stm32l073xx.o(.text)
    DMA1_Channel4_5_6_7_IRQHandler           0x080001ab   Thumb Code     0  startup_stm32l073xx.o(.text)
    EXTI0_1_IRQHandler                       0x080001ab   Thumb Code     0  startup_stm32l073xx.o(.text)
    EXTI2_3_IRQHandler                       0x080001ab   Thumb Code     0  startup_stm32l073xx.o(.text)
    EXTI4_15_IRQHandler                      0x080001ab   Thumb Code     0  startup_stm32l073xx.o(.text)
    FLASH_IRQHandler                         0x080001ab   Thumb Code     0  startup_stm32l073xx.o(.text)
    I2C1_IRQHandler                          0x080001ab   Thumb Code     0  startup_stm32l073xx.o(.text)
    I2C2_IRQHandler                          0x080001ab   Thumb Code     0  startup_stm32l073xx.o(.text)
    I2C3_IRQHandler                          0x080001ab   Thumb Code     0  startup_stm32l073xx.o(.text)
    LCD_IRQHandler                           0x080001ab   Thumb Code     0  startup_stm32l073xx.o(.text)
    LPTIM1_IRQHandler                        0x080001ab   Thumb Code     0  startup_stm32l073xx.o(.text)
    PVD_IRQHandler                           0x080001ab   Thumb Code     0  startup_stm32l073xx.o(.text)
    RCC_CRS_IRQHandler                       0x080001ab   Thumb Code     0  startup_stm32l073xx.o(.text)
    RNG_LPUART1_IRQHandler                   0x080001ab   Thumb Code     0  startup_stm32l073xx.o(.text)
    RTC_IRQHandler                           0x080001ab   Thumb Code     0  startup_stm32l073xx.o(.text)
    SPI1_IRQHandler                          0x080001ab   Thumb Code     0  startup_stm32l073xx.o(.text)
    SPI2_IRQHandler                          0x080001ab   Thumb Code     0  startup_stm32l073xx.o(.text)
    TIM21_IRQHandler                         0x080001ab   Thumb Code     0  startup_stm32l073xx.o(.text)
    TIM22_IRQHandler                         0x080001ab   Thumb Code     0  startup_stm32l073xx.o(.text)
    TIM2_IRQHandler                          0x080001ab   Thumb Code     0  startup_stm32l073xx.o(.text)
    TIM3_IRQHandler                          0x080001ab   Thumb Code     0  startup_stm32l073xx.o(.text)
    TIM6_DAC_IRQHandler                      0x080001ab   Thumb Code     0  startup_stm32l073xx.o(.text)
    TIM7_IRQHandler                          0x080001ab   Thumb Code     0  startup_stm32l073xx.o(.text)
    TSC_IRQHandler                           0x080001ab   Thumb Code     0  startup_stm32l073xx.o(.text)
    USART1_IRQHandler                        0x080001ab   Thumb Code     0  startup_stm32l073xx.o(.text)
    USART2_IRQHandler                        0x080001ab   Thumb Code     0  startup_stm32l073xx.o(.text)
    USART4_5_IRQHandler                      0x080001ab   Thumb Code     0  startup_stm32l073xx.o(.text)
    USB_IRQHandler                           0x080001ab   Thumb Code     0  startup_stm32l073xx.o(.text)
    WWDG_IRQHandler                          0x080001ab   Thumb Code     0  startup_stm32l073xx.o(.text)
    __user_initial_stackheap                 0x080001ad   Thumb Code     0  startup_stm32l073xx.o(.text)
    __aeabi_uldivmod                         0x080001d1   Thumb Code   272  lludiv.o(.text)
    _ll_udiv                                 0x080001d1   Thumb Code     0  lludiv.o(.text)
    __2sprintf                               0x080002e1   Thumb Code    36  noretval__2sprintf.o(.text)
    _printf_pre_padding                      0x08000309   Thumb Code    44  _printf_pad.o(.text)
    _printf_post_padding                     0x08000335   Thumb Code    34  _printf_pad.o(.text)
    _printf_int_dec                          0x08000359   Thumb Code    90  _printf_dec.o(.text)
    __printf                                 0x080003c5   Thumb Code   352  __printf_ss_wp.o(.text)
    strlen                                   0x08000525   Thumb Code    62  strlen.o(.text)
    _memset_w                                0x08000569   Thumb Code    26  rt_memclr.o(.text)
    _memset                                  0x08000583   Thumb Code    30  rt_memclr.o(.text)
    __aeabi_memclr                           0x080005a1   Thumb Code     4  rt_memclr.o(.text)
    __rt_memclr                              0x080005a1   Thumb Code     0  rt_memclr.o(.text)
    __aeabi_memclr4                          0x080005a5   Thumb Code     0  rt_memclr.o(.text)
    __aeabi_memclr8                          0x080005a5   Thumb Code     0  rt_memclr.o(.text)
    __rt_memclr_w                            0x080005a5   Thumb Code     4  rt_memclr.o(.text)
    __use_two_region_memory                  0x080005a9   Thumb Code     2  heapauxi.o(.text)
    __rt_heap_escrow$2region                 0x080005ab   Thumb Code     2  heapauxi.o(.text)
    __rt_heap_expand$2region                 0x080005ad   Thumb Code     2  heapauxi.o(.text)
    __aeabi_fdiv                             0x080005b1   Thumb Code     0  fdiv.o(.text)
    __divsf3                                 0x080005b1   Thumb Code     0  fdiv.o(.text)
    _fdiv                                    0x080005b1   Thumb Code   334  fdiv.o(.text)
    _frdiv                                   0x080006ff   Thumb Code     8  fdiv.o(.text)
    __aeabi_f2uiz                            0x08000711   Thumb Code     0  ffixui.o(.text)
    _ffixu                                   0x08000711   Thumb Code    48  ffixui.o(.text)
    __aeabi_i2f_normalise                    0x08000741   Thumb Code    72  fflti.o(.text)
    __aeabi_i2f                              0x08000789   Thumb Code    16  fflti.o(.text)
    _fflt                                    0x08000789   Thumb Code     0  fflti.o(.text)
    __aeabi_ui2f                             0x08000799   Thumb Code     6  fflti.o(.text)
    _ffltu                                   0x08000799   Thumb Code     0  fflti.o(.text)
    _printf_int_common                       0x0800079f   Thumb Code   176  _printf_intcommon.o(.text)
    _printf_char_common                      0x0800085b   Thumb Code    32  _printf_char_common.o(.text)
    _sputc                                   0x08000881   Thumb Code    10  _sputc.o(.text)
    __rt_udiv10                              0x0800088b   Thumb Code    40  rtudiv10.o(.text)
    __user_setup_stackheap                   0x080008b3   Thumb Code    62  sys_stackheap_outer.o(.text)
    exit                                     0x080008f1   Thumb Code    16  exit.o(.text)
    __user_libspace                          0x08000901   Thumb Code     8  libspace.o(.text)
    __user_perproc_libspace                  0x08000901   Thumb Code     0  libspace.o(.text)
    __user_perthread_libspace                0x08000901   Thumb Code     0  libspace.o(.text)
    _sys_exit                                0x08000909   Thumb Code     8  sys_exit.o(.text)
    __I$use$semihosting                      0x08000915   Thumb Code     0  use_no_semi.o(.text)
    __use_no_semihosting_swi                 0x08000915   Thumb Code     2  use_no_semi.o(.text)
    __semihosting_library_function           0x08000917   Thumb Code     0  indicate_semi.o(.text)
    HAL_ADC_ConfigChannel                    0x080009d9   Thumb Code   268  stm32l0xx_hal_adc.o(.text.HAL_ADC_ConfigChannel)
    HAL_ADC_GetValue                         0x08000af5   Thumb Code     6  stm32l0xx_hal_adc.o(.text.HAL_ADC_GetValue)
    HAL_ADC_Init                             0x08000afd   Thumb Code   432  stm32l0xx_hal_adc.o(.text.HAL_ADC_Init)
    HAL_ADC_MspInit                          0x08000cbd   Thumb Code    76  stm32l0xx_hal_msp.o(.text.HAL_ADC_MspInit)
    HAL_ADC_PollForConversion                0x08000d11   Thumb Code   296  stm32l0xx_hal_adc.o(.text.HAL_ADC_PollForConversion)
    HAL_ADC_Start                            0x08000e39   Thumb Code    96  stm32l0xx_hal_adc.o(.text.HAL_ADC_Start)
    HAL_ADC_Stop                             0x08000e9d   Thumb Code   198  stm32l0xx_hal_adc.o(.text.HAL_ADC_Stop)
    HAL_Delay                                0x08000f65   Thumb Code    32  stm32l0xx_hal.o(.text.HAL_Delay)
    HAL_GPIO_Init                            0x08000f85   Thumb Code   380  stm32l0xx_hal_gpio.o(.text.HAL_GPIO_Init)
    HAL_GPIO_WritePin                        0x0800110d   Thumb Code    16  stm32l0xx_hal_gpio.o(.text.HAL_GPIO_WritePin)
    HAL_GetTick                              0x0800111d   Thumb Code     8  stm32l0xx_hal.o(.text.HAL_GetTick)
    HAL_IncTick                              0x08001125   Thumb Code    16  stm32l0xx_hal.o(.text.HAL_IncTick)
    HAL_Init                                 0x08001139   Thumb Code    36  stm32l0xx_hal.o(.text.HAL_Init)
    HAL_InitTick                             0x08001161   Thumb Code    60  stm32l0xx_hal.o(.text.HAL_InitTick)
    HAL_MspInit                              0x080011a5   Thumb Code    20  stm32l0xx_hal_msp.o(.text.HAL_MspInit)
    HAL_NVIC_SetPriority                     0x080011bd   Thumb Code    48  stm32l0xx_hal_cortex.o(.text.HAL_NVIC_SetPriority)
    HAL_RCCEx_PeriphCLKConfig                0x080011f5   Thumb Code   560  stm32l0xx_hal_rcc_ex.o(.text.HAL_RCCEx_PeriphCLKConfig)
    HAL_RCC_ClockConfig                      0x0800142d   Thumb Code   504  stm32l0xx_hal_rcc.o(.text.HAL_RCC_ClockConfig)
    HAL_RCC_GetPCLK1Freq                     0x08001635   Thumb Code    20  stm32l0xx_hal_rcc.o(.text.HAL_RCC_GetPCLK1Freq)
    HAL_RCC_GetPCLK2Freq                     0x08001649   Thumb Code    20  stm32l0xx_hal_rcc.o(.text.HAL_RCC_GetPCLK2Freq)
    HAL_RCC_GetSysClockFreq                  0x08001669   Thumb Code   104  stm32l0xx_hal_rcc.o(.text.HAL_RCC_GetSysClockFreq)
    HAL_RCC_OscConfig                        0x080016e1   Thumb Code  1380  stm32l0xx_hal_rcc.o(.text.HAL_RCC_OscConfig)
    HAL_SYSTICK_Config                       0x08001c6d   Thumb Code    40  stm32l0xx_hal_cortex.o(.text.HAL_SYSTICK_Config)
    HAL_UART_Init                            0x08001ca1   Thumb Code   110  stm32l0xx_hal_uart.o(.text.HAL_UART_Init)
    HAL_UART_MspInit                         0x08001d11   Thumb Code   128  stm32l0xx_hal_msp.o(.text.HAL_UART_MspInit)
    HAL_UART_Transmit                        0x08001da1   Thumb Code   392  stm32l0xx_hal_uart.o(.text.HAL_UART_Transmit)
    HardFault_Handler                        0x08001f2d   Thumb Code     2  stm32l0xx_it.o(.text.HardFault_Handler)
    Lcd_create                               0x08001f2f   Thumb Code    82  lcd.o(.text.Lcd_create)
    Lcd_cursor                               0x08001f81   Thumb Code    20  lcd.o(.text.Lcd_cursor)
    Lcd_init                                 0x08001f99   Thumb Code    64  lcd.o(.text.Lcd_init)
    Lcd_string                               0x08001fd9   Thumb Code    44  lcd.o(.text.Lcd_string)
    NMI_Handler                              0x08002005   Thumb Code     2  stm32l0xx_it.o(.text.NMI_Handler)
    PendSV_Handler                           0x08002007   Thumb Code     2  stm32l0xx_it.o(.text.PendSV_Handler)
    SVC_Handler                              0x08002009   Thumb Code     2  stm32l0xx_it.o(.text.SVC_Handler)
    SysTick_Handler                          0x0800200b   Thumb Code     8  stm32l0xx_it.o(.text.SysTick_Handler)
    SystemInit                               0x08002013   Thumb Code     2  system_stm32l0xx.o(.text.SystemInit)
    UART_AdvFeatureConfig                    0x08002015   Thumb Code   210  stm32l0xx_hal_uart.o(.text.UART_AdvFeatureConfig)
    UART_CheckIdleState                      0x080020e9   Thumb Code   204  stm32l0xx_hal_uart.o(.text.UART_CheckIdleState)
    UART_SetConfig                           0x080021b9   Thumb Code   484  stm32l0xx_hal_uart.o(.text.UART_SetConfig)
    UART_WaitOnFlagUntilTimeout              0x080023e5   Thumb Code   444  stm32l0xx_hal_uart.o(.text.UART_WaitOnFlagUntilTimeout)
    main                                     0x0800283d   Thumb Code   916  main.o(.text.main)
    __aeabi_uidiv                            0x08002c69   Thumb Code    68  aeabi_sdivfast.o(.text_divfast)
    __aeabi_idiv                             0x08002cad   Thumb Code   434  aeabi_sdivfast.o(.text_divfast)
    _is_digit                                0x08002e5f   Thumb Code    14  __printf_wp.o(i._is_digit)
    __aeabi_fmul                             0x08002e6d   Thumb Code     0  fmul.o(x$fpl$fmul)
    _fmul                                    0x08002e6d   Thumb Code   172  fmul.o(x$fpl$fmul)
    __I$use$fp                               0x08002f1c   Number         0  usenofp.o(x$fpl$usenofp)
    AHBPrescTable                            0x08002f5c   Data          16  system_stm32l0xx.o(.rodata.AHBPrescTable)
    APBPrescTable                            0x08002f6c   Data           8  system_stm32l0xx.o(.rodata.APBPrescTable)
    PLLMulTable                              0x08002f74   Data           9  system_stm32l0xx.o(.rodata.PLLMulTable)
    ROW_16                                   0x08002f7d   Data           4  lcd.o(.rodata.ROW_16)
    Region$$Table$$Base                      0x08002fa8   Number         0  anon$$obj.o(Region$$Table)
    Region$$Table$$Limit                     0x08002fc8   Number         0  anon$$obj.o(Region$$Table)
    pins                                     0x20000000   Data           8  main.o(.data..L_MergedGlobals)
    ports                                    0x20000008   Data          16  main.o(.data..L_MergedGlobals)
    uwTickFreq                               0x20000018   Data           1  stm32l0xx_hal.o(.data..L_MergedGlobals)
    uwTickPrio                               0x2000001c   Data           4  stm32l0xx_hal.o(.data..L_MergedGlobals)
    SystemCoreClock                          0x20000020   Data           4  system_stm32l0xx.o(.data.SystemCoreClock)
    __libspace_start                         0x20000028   Data          96  libspace.o(.bss)
    __temporary_stack_top$libspace           0x20000088   Data           0  libspace.o(.bss)
    engine_status                            0x20000088   Data           1  main.o(.bss..L_MergedGlobals.5)
    last_button                              0x20000089   Data           1  main.o(.bss..L_MergedGlobals.5)
    btn_value                                0x2000008c   Data           4  main.o(.bss..L_MergedGlobals.5)
    brake_value                              0x20000090   Data           4  main.o(.bss..L_MergedGlobals.5)
    lcd                                      0x20000098   Data          24  main.o(.bss..L_MergedGlobals.5)
    hadc                                     0x200000b0   Data          92  main.o(.bss.hadc)
    huart4                                   0x2000010c   Data         136  main.o(.bss.huart4)
    uwTick                                   0x20000194   Data           4  stm32l0xx_hal.o(.bss.uwTick)



==============================================================================

Memory Map of the image

  Image Entry point : 0x080000c1

  Load Region LR_IROM1 (Base: 0x08000000, Size: 0x00002ff0, Max: 0x00030000, ABSOLUTE)

    Execution Region ER_IROM1 (Exec base: 0x08000000, Load base: 0x08000000, Size: 0x00002fc8, Max: 0x00030000, ABSOLUTE)

    Exec Addr    Load Addr    Size         Type   Attr      Idx    E Section Name        Object

    0x08000000   0x08000000   0x000000c0   Data   RO            3    RESET               startup_stm32l073xx.o
    0x080000c0   0x080000c0   0x00000008   Code   RO          851  * !!!main             c_p.l(__main.o)
    0x080000c8   0x080000c8   0x00000054   Code   RO         1053    !!!scatter          c_p.l(__scatter.o)
    0x0800011c   0x0800011c   0x0000001a   Code   RO         1057    !!handler_copy      c_p.l(__scatter_copy.o)
    0x08000136   0x08000136   0x00000002   PAD
    0x08000138   0x08000138   0x00000002   Code   RO         1054    !!handler_null      c_p.l(__scatter.o)
    0x0800013a   0x0800013a   0x00000002   PAD
    0x0800013c   0x0800013c   0x0000001c   Code   RO         1059    !!handler_zi        c_p.l(__scatter_zi.o)
    0x08000158   0x08000158   0x00000002   Code   RO          836    .ARM.Collect$$_printf_percent$$00000000  c_p.l(_printf_percent.o)
    0x0800015a   0x0800015a   0x0000000a   Code   RO          834    .ARM.Collect$$_printf_percent$$00000009  c_p.l(_printf_d.o)
    0x08000164   0x08000164   0x0000000a   Code   RO          835    .ARM.Collect$$_printf_percent$$0000000A  c_p.l(_printf_u.o)
    0x0800016e   0x0800016e   0x00000004   Code   RO          877    .ARM.Collect$$_printf_percent$$00000017  c_p.l(_printf_percent_end.o)
    0x08000172   0x08000172   0x00000002   Code   RO          914    .ARM.Collect$$libinit$$00000000  c_p.l(libinit.o)
    0x08000174   0x08000174   0x00000000   Code   RO          928    .ARM.Collect$$libinit$$00000002  c_p.l(libinit2.o)
    0x08000174   0x08000174   0x00000000   Code   RO          930    .ARM.Collect$$libinit$$00000004  c_p.l(libinit2.o)
    0x08000174   0x08000174   0x00000000   Code   RO          932    .ARM.Collect$$libinit$$00000006  c_p.l(libinit2.o)
    0x08000174   0x08000174   0x00000000   Code   RO          935    .ARM.Collect$$libinit$$0000000C  c_p.l(libinit2.o)
    0x08000174   0x08000174   0x00000000   Code   RO          937    .ARM.Collect$$libinit$$0000000E  c_p.l(libinit2.o)
    0x08000174   0x08000174   0x00000000   Code   RO          939    .ARM.Collect$$libinit$$00000010  c_p.l(libinit2.o)
    0x08000174   0x08000174   0x00000000   Code   RO          942    .ARM.Collect$$libinit$$00000013  c_p.l(libinit2.o)
    0x08000174   0x08000174   0x00000000   Code   RO          944    .ARM.Collect$$libinit$$00000015  c_p.l(libinit2.o)
    0x08000174   0x08000174   0x00000000   Code   RO          946    .ARM.Collect$$libinit$$00000017  c_p.l(libinit2.o)
    0x08000174   0x08000174   0x00000000   Code   RO          948    .ARM.Collect$$libinit$$00000019  c_p.l(libinit2.o)
    0x08000174   0x08000174   0x00000000   Code   RO          950    .ARM.Collect$$libinit$$0000001B  c_p.l(libinit2.o)
    0x08000174   0x08000174   0x00000000   Code   RO          952    .ARM.Collect$$libinit$$0000001D  c_p.l(libinit2.o)
    0x08000174   0x08000174   0x00000000   Code   RO          954    .ARM.Collect$$libinit$$0000001F  c_p.l(libinit2.o)
    0x08000174   0x08000174   0x00000000   Code   RO          956    .ARM.Collect$$libinit$$00000021  c_p.l(libinit2.o)
    0x08000174   0x08000174   0x00000000   Code   RO          958    .ARM.Collect$$libinit$$00000023  c_p.l(libinit2.o)
    0x08000174   0x08000174   0x00000000   Code   RO          960    .ARM.Collect$$libinit$$00000025  c_p.l(libinit2.o)
    0x08000174   0x08000174   0x00000000   Code   RO          962    .ARM.Collect$$libinit$$00000027  c_p.l(libinit2.o)
    0x08000174   0x08000174   0x00000000   Code   RO          966    .ARM.Collect$$libinit$$0000002E  c_p.l(libinit2.o)
    0x08000174   0x08000174   0x00000000   Code   RO          968    .ARM.Collect$$libinit$$00000030  c_p.l(libinit2.o)
    0x08000174   0x08000174   0x00000000   Code   RO          970    .ARM.Collect$$libinit$$00000032  c_p.l(libinit2.o)
    0x08000174   0x08000174   0x00000000   Code   RO          972    .ARM.Collect$$libinit$$00000034  c_p.l(libinit2.o)
    0x08000174   0x08000174   0x00000002   Code   RO          973    .ARM.Collect$$libinit$$00000035  c_p.l(libinit2.o)
    0x08000176   0x08000176   0x00000002   Code   RO         1008    .ARM.Collect$$libshutdown$$00000000  c_p.l(libshutdown.o)
    0x08000178   0x08000178   0x00000000   Code   RO         1036    .ARM.Collect$$libshutdown$$00000002  c_p.l(libshutdown2.o)
    0x08000178   0x08000178   0x00000000   Code   RO         1038    .ARM.Collect$$libshutdown$$00000004  c_p.l(libshutdown2.o)
    0x08000178   0x08000178   0x00000000   Code   RO         1041    .ARM.Collect$$libshutdown$$00000007  c_p.l(libshutdown2.o)
    0x08000178   0x08000178   0x00000000   Code   RO         1044    .ARM.Collect$$libshutdown$$0000000A  c_p.l(libshutdown2.o)
    0x08000178   0x08000178   0x00000000   Code   RO         1046    .ARM.Collect$$libshutdown$$0000000C  c_p.l(libshutdown2.o)
    0x08000178   0x08000178   0x00000000   Code   RO         1049    .ARM.Collect$$libshutdown$$0000000F  c_p.l(libshutdown2.o)
    0x08000178   0x08000178   0x00000002   Code   RO         1050    .ARM.Collect$$libshutdown$$00000010  c_p.l(libshutdown2.o)
    0x0800017a   0x0800017a   0x00000000   Code   RO          862    .ARM.Collect$$rtentry$$00000000  c_p.l(__rtentry.o)
    0x0800017a   0x0800017a   0x00000000   Code   RO          882    .ARM.Collect$$rtentry$$00000002  c_p.l(__rtentry2.o)
    0x0800017a   0x0800017a   0x00000006   Code   RO          894    .ARM.Collect$$rtentry$$00000004  c_p.l(__rtentry4.o)
    0x08000180   0x08000180   0x00000000   Code   RO          884    .ARM.Collect$$rtentry$$00000009  c_p.l(__rtentry2.o)
    0x08000180   0x08000180   0x00000004   Code   RO          885    .ARM.Collect$$rtentry$$0000000A  c_p.l(__rtentry2.o)
    0x08000184   0x08000184   0x00000000   Code   RO          887    .ARM.Collect$$rtentry$$0000000C  c_p.l(__rtentry2.o)
    0x08000184   0x08000184   0x00000008   Code   RO          888    .ARM.Collect$$rtentry$$0000000D  c_p.l(__rtentry2.o)
    0x0800018c   0x0800018c   0x00000002   Code   RO          919    .ARM.Collect$$rtexit$$00000000  c_p.l(rtexit.o)
    0x0800018e   0x0800018e   0x00000000   Code   RO          979    .ARM.Collect$$rtexit$$00000002  c_p.l(rtexit2.o)
    0x0800018e   0x0800018e   0x00000004   Code   RO          980    .ARM.Collect$$rtexit$$00000003  c_p.l(rtexit2.o)
    0x08000192   0x08000192   0x00000006   Code   RO          981    .ARM.Collect$$rtexit$$00000004  c_p.l(rtexit2.o)
    0x08000198   0x08000198   0x00000038   Code   RO            4    .text               startup_stm32l073xx.o
    0x080001d0   0x080001d0   0x00000110   Code   RO          802    .text               c_p.l(lludiv.o)
    0x080002e0   0x080002e0   0x00000028   Code   RO          806    .text               c_p.l(noretval__2sprintf.o)
    0x08000308   0x08000308   0x0000004e   Code   RO          810    .text               c_p.l(_printf_pad.o)
    0x08000356   0x08000356   0x00000002   PAD
    0x08000358   0x08000358   0x0000006c   Code   RO          812    .text               c_p.l(_printf_dec.o)
    0x080003c4   0x080003c4   0x00000160   Code   RO          829    .text               c_p.l(__printf_ss_wp.o)
    0x08000524   0x08000524   0x00000044   Code   RO          837    .text               c_p.l(strlen.o)
    0x08000568   0x08000568   0x00000040   Code   RO          839    .text               c_p.l(rt_memclr.o)
    0x080005a8   0x080005a8   0x00000006   Code   RO          849    .text               c_p.l(heapauxi.o)
    0x080005ae   0x080005ae   0x00000002   PAD
    0x080005b0   0x080005b0   0x00000160   Code   RO          853    .text               fz_ps.l(fdiv.o)
    0x08000710   0x08000710   0x00000030   Code   RO          856    .text               fz_ps.l(ffixui.o)
    0x08000740   0x08000740   0x0000005e   Code   RO          858    .text               fz_ps.l(fflti.o)
    0x0800079e   0x0800079e   0x000000b0   Code   RO          871    .text               c_p.l(_printf_intcommon.o)
    0x0800084e   0x0800084e   0x00000002   PAD
    0x08000850   0x08000850   0x00000030   Code   RO          873    .text               c_p.l(_printf_char_common.o)
    0x08000880   0x08000880   0x0000000a   Code   RO          875    .text               c_p.l(_sputc.o)
    0x0800088a   0x0800088a   0x00000028   Code   RO          878    .text               c_p.l(rtudiv10.o)
    0x080008b2   0x080008b2   0x0000003e   Code   RO          900    .text               c_p.l(sys_stackheap_outer.o)
    0x080008f0   0x080008f0   0x00000010   Code   RO          903    .text               c_p.l(exit.o)
    0x08000900   0x08000900   0x00000008   Code   RO          915    .text               c_p.l(libspace.o)
    0x08000908   0x08000908   0x0000000c   Code   RO          974    .text               c_p.l(sys_exit.o)
    0x08000914   0x08000914   0x00000002   Code   RO          997    .text               c_p.l(use_no_semi.o)
    0x08000916   0x08000916   0x00000000   Code   RO          999    .text               c_p.l(indicate_semi.o)
    0x08000916   0x08000916   0x00000002   PAD
    0x08000918   0x08000918   0x000000c0   Code   RO          107    .text.ADC_Enable    stm32l0xx_hal_adc.o
    0x080009d8   0x080009d8   0x0000011c   Code   RO          141    .text.HAL_ADC_ConfigChannel  stm32l0xx_hal_adc.o
    0x08000af4   0x08000af4   0x00000006   Code   RO          129    .text.HAL_ADC_GetValue  stm32l0xx_hal_adc.o
    0x08000afa   0x08000afa   0x00000002   PAD
    0x08000afc   0x08000afc   0x000001c0   Code   RO           97    .text.HAL_ADC_Init  stm32l0xx_hal_adc.o
    0x08000cbc   0x08000cbc   0x00000054   Code   RO           81    .text.HAL_ADC_MspInit  stm32l0xx_hal_msp.o
    0x08000d10   0x08000d10   0x00000128   Code   RO          111    .text.HAL_ADC_PollForConversion  stm32l0xx_hal_adc.o
    0x08000e38   0x08000e38   0x00000064   Code   RO          105    .text.HAL_ADC_Start  stm32l0xx_hal_adc.o
    0x08000e9c   0x08000e9c   0x000000c6   Code   RO          109    .text.HAL_ADC_Stop  stm32l0xx_hal_adc.o
    0x08000f62   0x08000f62   0x00000002   PAD
    0x08000f64   0x08000f64   0x00000020   Code   RO          199    .text.HAL_Delay     stm32l0xx_hal.o
    0x08000f84   0x08000f84   0x00000188   Code   RO          430    .text.HAL_GPIO_Init  stm32l0xx_hal_gpio.o
    0x0800110c   0x0800110c   0x00000010   Code   RO          436    .text.HAL_GPIO_WritePin  stm32l0xx_hal_gpio.o
    0x0800111c   0x0800111c   0x00000008   Code   RO          191    .text.HAL_GetTick   stm32l0xx_hal.o
    0x08001124   0x08001124   0x00000014   Code   RO          189    .text.HAL_IncTick   stm32l0xx_hal.o
    0x08001138   0x08001138   0x00000028   Code   RO          179    .text.HAL_Init      stm32l0xx_hal.o
    0x08001160   0x08001160   0x00000044   Code   RO          181    .text.HAL_InitTick  stm32l0xx_hal.o
    0x080011a4   0x080011a4   0x00000018   Code   RO           79    .text.HAL_MspInit   stm32l0xx_hal_msp.o
    0x080011bc   0x080011bc   0x00000038   Code   RO          550    .text.HAL_NVIC_SetPriority  stm32l0xx_hal_cortex.o
    0x080011f4   0x080011f4   0x00000238   Code   RO          287    .text.HAL_RCCEx_PeriphCLKConfig  stm32l0xx_hal_rcc_ex.o
    0x0800142c   0x0800142c   0x00000208   Code   RO          259    .text.HAL_RCC_ClockConfig  stm32l0xx_hal_rcc.o
    0x08001634   0x08001634   0x00000014   Code   RO          267    .text.HAL_RCC_GetPCLK1Freq  stm32l0xx_hal_rcc.o
    0x08001648   0x08001648   0x00000020   Code   RO          269    .text.HAL_RCC_GetPCLK2Freq  stm32l0xx_hal_rcc.o
    0x08001668   0x08001668   0x00000078   Code   RO          257    .text.HAL_RCC_GetSysClockFreq  stm32l0xx_hal_rcc.o
    0x080016e0   0x080016e0   0x0000058c   Code   RO          255    .text.HAL_RCC_OscConfig  stm32l0xx_hal_rcc.o
    0x08001c6c   0x08001c6c   0x00000034   Code   RO          558    .text.HAL_SYSTICK_Config  stm32l0xx_hal_cortex.o
    0x08001ca0   0x08001ca0   0x0000006e   Code   RO          618    .text.HAL_UART_Init  stm32l0xx_hal_uart.o
    0x08001d0e   0x08001d0e   0x00000002   PAD
    0x08001d10   0x08001d10   0x00000090   Code   RO           85    .text.HAL_UART_MspInit  stm32l0xx_hal_msp.o
    0x08001da0   0x08001da0   0x0000018c   Code   RO          638    .text.HAL_UART_Transmit  stm32l0xx_hal_uart.o
    0x08001f2c   0x08001f2c   0x00000002   Code   RO           64    .text.HardFault_Handler  stm32l0xx_it.o
    0x08001f2e   0x08001f2e   0x00000052   Code   RO           11    .text.Lcd_create    lcd.o
    0x08001f80   0x08001f80   0x00000018   Code   RO           23    .text.Lcd_cursor    lcd.o
    0x08001f98   0x08001f98   0x00000040   Code   RO           13    .text.Lcd_init      lcd.o
    0x08001fd8   0x08001fd8   0x0000002c   Code   RO           19    .text.Lcd_string    lcd.o
    0x08002004   0x08002004   0x00000002   Code   RO           62    .text.NMI_Handler   stm32l0xx_it.o
    0x08002006   0x08002006   0x00000002   Code   RO           68    .text.PendSV_Handler  stm32l0xx_it.o
    0x08002008   0x08002008   0x00000002   Code   RO           66    .text.SVC_Handler   stm32l0xx_it.o
    0x0800200a   0x0800200a   0x00000008   Code   RO           70    .text.SysTick_Handler  stm32l0xx_it.o
    0x08002012   0x08002012   0x00000002   Code   RO          785    .text.SystemInit    system_stm32l0xx.o
    0x08002014   0x08002014   0x000000d2   Code   RO          622    .text.UART_AdvFeatureConfig  stm32l0xx_hal_uart.o
    0x080020e6   0x080020e6   0x00000002   PAD
    0x080020e8   0x080020e8   0x000000d0   Code   RO          626    .text.UART_CheckIdleState  stm32l0xx_hal_uart.o
    0x080021b8   0x080021b8   0x0000022c   Code   RO          624    .text.UART_SetConfig  stm32l0xx_hal_uart.o
    0x080023e4   0x080023e4   0x000001bc   Code   RO          640    .text.UART_WaitOnFlagUntilTimeout  stm32l0xx_hal_uart.o
    0x080025a0   0x080025a0   0x0000014e   Code   RO           15    .text.lcd_write_command  lcd.o
    0x080026ee   0x080026ee   0x0000014e   Code   RO           21    .text.lcd_write_data  lcd.o
    0x0800283c   0x0800283c   0x0000042c   Code   RO           41    .text.main          main.o
    0x08002c68   0x08002c68   0x000001f6   Code   RO          842    .text_divfast       c_p.l(aeabi_sdivfast.o)
    0x08002e5e   0x08002e5e   0x0000000e   Code   RO          824    i._is_digit         c_p.l(__printf_wp.o)
    0x08002e6c   0x08002e6c   0x000000b0   Code   RO          860    x$fpl$fmul          fz_ps.l(fmul.o)
    0x08002f1c   0x08002f1c   0x00000000   Code   RO          880    x$fpl$usenofp       fz_ps.l(usenofp.o)
    0x08002f1c   0x08002f1c   0x00000040   Data   RO          854    .constdata          fz_ps.l(fdiv.o)
    0x08002f5c   0x08002f5c   0x00000010   Data   RO          790    .rodata.AHBPrescTable  system_stm32l0xx.o
    0x08002f6c   0x08002f6c   0x00000008   Data   RO          791    .rodata.APBPrescTable  system_stm32l0xx.o
    0x08002f74   0x08002f74   0x00000009   Data   RO          792    .rodata.PLLMulTable  system_stm32l0xx.o
    0x08002f7d   0x08002f7d   0x00000004   Data   RO           29    .rodata.ROW_16      lcd.o
    0x08002f81   0x08002f81   0x00000003   PAD
    0x08002f84   0x08002f84   0x00000010   Data   RO          744    .rodata.cst16       stm32l0xx_hal_uart.o
    0x08002f94   0x08002f94   0x00000012   Data   RO           48    .rodata.str1.1      main.o
    0x08002fa6   0x08002fa6   0x00000002   PAD
    0x08002fa8   0x08002fa8   0x00000020   Data   RO         1052    Region$$Table       anon$$obj.o


    Execution Region RW_IRAM1 (Exec base: 0x20000000, Load base: 0x08002fc8, Size: 0x00000798, Max: 0x00005000, ABSOLUTE)

    Exec Addr    Load Addr    Size         Type   Attr      Idx    E Section Name        Object

    0x20000000   0x08002fc8   0x00000018   Data   RW           52    .data..L_MergedGlobals  main.o
    0x20000018   0x08002fe0   0x00000008   Data   RW          242    .data..L_MergedGlobals  stm32l0xx_hal.o
    0x20000020   0x08002fe8   0x00000004   Data   RW          789    .data.SystemCoreClock  system_stm32l0xx.o
    0x20000024   0x08002fec   0x00000004   PAD
    0x20000028        -       0x00000060   Zero   RW          916    .bss                c_p.l(libspace.o)
    0x20000088        -       0x00000028   Zero   RW           53    .bss..L_MergedGlobals.5  main.o
    0x200000b0        -       0x0000005c   Zero   RW           47    .bss.hadc           main.o
    0x2000010c        -       0x00000088   Zero   RW           49    .bss.huart4         main.o
    0x20000194        -       0x00000004   Zero   RW          241    .bss.uwTick         stm32l0xx_hal.o
    0x20000198        -       0x00000200   Zero   RW            2    HEAP                startup_stm32l073xx.o
    0x20000398        -       0x00000400   Zero   RW            1    STACK               startup_stm32l073xx.o


==============================================================================

Image component sizes


      Code (inc. data)   RO Data    RW Data    ZI Data      Debug   Object Name

       882          4          4          0          0       6298   lcd.o
      1068        152         18         24        268      10290   main.o
        56         26        192          0       1536        604   startup_stm32l073xx.o
       168         16          0          8          4       6817   stm32l0xx_hal.o
      1524         40          0          0          0      14411   stm32l0xx_hal_adc.o
       108         20          0          0          0       6889   stm32l0xx_hal_cortex.o
       408         12          0          0          0       5035   stm32l0xx_hal_gpio.o
       252         28          0          0          0       6546   stm32l0xx_hal_msp.o
      2112        104          0          0          0      10014   stm32l0xx_hal_rcc.o
       568          8          0          0          0       8684   stm32l0xx_hal_rcc_ex.o
      1924        110         16          0          0      43122   stm32l0xx_hal_uart.o
        16          0          0          0          0        687   stm32l0xx_it.o
         2          0         33          4          0       2079   system_stm32l0xx.o

    ----------------------------------------------------------------------
      9096        520        300         36       1812     121476   Object Totals
         0          0         32          0          0          0   (incl. Generated)
         8          0          5          0          4          0   (incl. Padding)

    ----------------------------------------------------------------------

      Code (inc. data)   RO Data    RW Data    ZI Data      Debug   Library Member Name

         8          0          0          0          0         68   __main.o
       352          0          0          0          0         76   __printf_ss_wp.o
        14          0          0          0          0         60   __printf_wp.o
         0          0          0          0          0          0   __rtentry.o
        12          0          0          0          0          0   __rtentry2.o
         6          0          0          0          0          0   __rtentry4.o
        86         10          0          0          0          0   __scatter.o
        26          0          0          0          0          0   __scatter_copy.o
        28          0          0          0          0          0   __scatter_zi.o
        48          6          0          0          0         88   _printf_char_common.o
        10          0          0          0          0          0   _printf_d.o
       108         18          0          0          0         76   _printf_dec.o
       176          0          0          0          0         84   _printf_intcommon.o
        78          0          0          0          0        100   _printf_pad.o
         2          0          0          0          0          0   _printf_percent.o
         4          0          0          0          0          0   _printf_percent_end.o
        10          0          0          0          0          0   _printf_u.o
        10          0          0          0          0         60   _sputc.o
       502          0          0          0          0         92   aeabi_sdivfast.o
        16          0          0          0          0         68   exit.o
         6          0          0          0          0        136   heapauxi.o
         0          0          0          0          0          0   indicate_semi.o
         2          0          0          0          0          0   libinit.o
         2          0          0          0          0          0   libinit2.o
         2          0          0          0          0          0   libshutdown.o
         2          0          0          0          0          0   libshutdown2.o
         8          4          0          0         96         68   libspace.o
       272          0          0          0          0         88   lludiv.o
        40          4          0          0          0         84   noretval__2sprintf.o
        64          0          0          0          0        108   rt_memclr.o
         2          0          0          0          0          0   rtexit.o
        10          0          0          0          0          0   rtexit2.o
        40          0          0          0          0         60   rtudiv10.o
        68          6          0          0          0         72   strlen.o
        12          4          0          0          0         60   sys_exit.o
        62          0          0          0          0         80   sys_stackheap_outer.o
         2          0          0          0          0         68   use_no_semi.o
       352         10         64          0          0         92   fdiv.o
        48          0          0          0          0         60   ffixui.o
        94          0          0          0          0         92   fflti.o
       176          4          0          0          0         80   fmul.o
         0          0          0          0          0          0   usenofp.o

    ----------------------------------------------------------------------
      2772         66         64          0         96       1920   Library Totals
        12          0          0          0          0          0   (incl. Padding)

    ----------------------------------------------------------------------

      Code (inc. data)   RO Data    RW Data    ZI Data      Debug   Library Name

      2090         52          0          0         96       1596   c_p.l
       670         14         64          0          0        324   fz_ps.l

    ----------------------------------------------------------------------
      2772         66         64          0         96       1920   Library Totals

    ----------------------------------------------------------------------

==============================================================================


      Code (inc. data)   RO Data    RW Data    ZI Data      Debug   

     11868        586        364         36       1908     122388   Grand Totals
     11868        586        364         36       1908     122388   ELF Image Totals
     11868        586        364         36          0          0   ROM Totals

==============================================================================

    Total RO  Size (Code + RO Data)                12232 (  11.95kB)
    Total RW  Size (RW Data + ZI Data)              1944 (   1.90kB)
    Total ROM Size (Code + RO Data + RW Data)      12268 (  11.98kB)

==============================================================================

